[dingleberry.me/index.html]
[backblue.gif]
[fade.gif]
[index.html]
[dingleberry.me/xmlrpc.php]
[dingleberry.me/feed/index.html]
[dingleberry.me/xmlrpc0db0.php]
[dingleberry.me/wp-includes/wlwmanifest.xml]
[dingleberry.me/wp-includes/images/smilies/icon_smile.gif]
[dingleberry.me/page/2/index.html]
[dingleberry.me/wp-content/plugins/wp-wall/i/left.png]
[dingleberry.me/about/index.html]
[dingleberry.me/tag/cmdb/index.html]
[dingleberry.me/2014/06/playing-with-saltstack-and-external-classifiers/index.html]
[dingleberry.me/wp-content/plugins/wp-wall/i/right.png]
[dingleberry.me/wp-login.html]
[dingleberry.me/tag/salt/index.html]
[dingleberry.me/tag/saltstack/index.html]
[dingleberry.me/tag/dd/index.html]
[dingleberry.me/index.html]
[dingleberry.me/2014/04/retrieving-files-from-a-broken-harddrive-on-linux/index.html]
[dingleberry.me/tag/ddrescue/index.html]
[dingleberry.me/tag/e2fsck/index.html]
[dingleberry.me/wp-content/themes/quadstripe/style.css]
[dingleberry.me/tag/dmesg/index.html]
[dingleberry.me/tag/harddrive/index.html]
[dingleberry.me/tag/linux/index.html]
[dingleberry.me/wp-content/themes/quadstripe/images/blue-bg.gif]
[dingleberry.me/tag/mdadm/index.html]
[dingleberry.me/tag/mke2fs/index.html]
[dingleberry.me/tag/raid/index.html]
[dingleberry.me/tag/monitoring/index.html]
[dingleberry.me/wp-content/themes/quadstripe/images/blue-side.gif]
[dingleberry.me/tag/testdisk/index.html]
[dingleberry.me/tag/superblock/index.html]
[dingleberry.me/2014/03/running-nagiosplugins-via-saltstacks-peer-communication/index.html]
[dingleberry.me/wp-content/themes/quadstripe/images/blue-search.gif]
[dingleberry.me/tag/zmq/index.html]
[dingleberry.me/tag/nagios/index.html]
[dingleberry.me/wp-content/themes/quadstripe/images/blue-submit.gif]
[dingleberry.me/2013/11/running-nagios-plugins-via-saltstack/index.html]
[dingleberry.me/tag/nrpe/index.html]
[dingleberry.me/tag/icinga/index.html]
[dingleberry.me/wp-content/themes/quadstripe/blue.css]
[dingleberry.me/tag/plugins/index.html]
[dingleberry.me/2012/09/how-a-nerd-monitors-his-wifes-weight/index.html]
[dingleberry.me/tag/api/index.html]
[dingleberry.me/tag/bodyscale/index.html]
[dingleberry.me/tag/python/index.html]
[dingleberry.me/wp-content/uploads/shadowbox-js/src/loading.gif]
[dingleberry.me/2011/05/gzip-support-in-check_http/index.html]
[dingleberry.me/tag/withings/index.html]
[dingleberry.me/wp-content/uploads/shadowbox-js/src/close.png]
[dingleberry.me/tag/1-4-15/index.html]
[dingleberry.me/tag/wife/index.html]
[dingleberry.me/tag/check_http/index.html]
[dingleberry.me/tag/gzip/index.html]
[dingleberry.me/tag/insults/index.html]
[dingleberry.me/2011/04/fun-with-sudo/index.html]
[dingleberry.me/wp-content/uploads/shadowbox-js/src/next.png]
[dingleberry.me/tag/funny/index.html]
[dingleberry.me/tag/sudo/index.html]
[dingleberry.me/2011/02/monitor-dell-servers-on-debian-squeeze-with-nagios/index.html]
[dingleberry.me/tag/debian/index.html]
[dingleberry.me/wp-content/uploads/shadowbox-js/src/previous.png]
[dingleberry.me/tag/dell/index.html]
[dingleberry.me/tag/dellomsa/index.html]
[dingleberry.me/tag/minicom/index.html]
[dingleberry.me/tag/squeeze/index.html]
[dingleberry.me/wp-content/uploads/shadowbox-js/src/play.png]
[dingleberry.me/2011/02/use-screen-instead-of-¤¤-minicom/index.html]
[dingleberry.me/tag/screen/index.html]
[dingleberry.me/tag/serial/index.html]
[dingleberry.me/2011/02/test-your-jumbo-frame-enabled-network-with-ping/index.html]
[dingleberry.me/wp-content/uploads/shadowbox-js/src/pause.png]
[dingleberry.me/wp-content/uploads/shadowbox-js/src/shadowbox19ce.css]
[dingleberry.me/tag/frame/index.html]
[dingleberry.me/tag/jumboframe/index.html]
[dingleberry.me/wp-content/plugins/shadowbox-js/css/extrasc393.css]
[dingleberry.me/tag/jumbo/index.html]
[dingleberry.me/tag/jumboframe-jumbo-frame-network-ping-test/index.html]
[dingleberry.me/tag/network/index.html]
[dingleberry.me/tag/ping/index.html]
[dingleberry.me/wp-content/plugins/sociable/images/sprites/option1_32.png]
[dingleberry.me/wp-content/plugins/sociable/images/sprites/option1_16.png]
[dingleberry.me/tag/test/index.html]
[dingleberry.me/tag/apache/index.html]
[dingleberry.me/tag/apple/index.html]
[dingleberry.me/wp-content/plugins/sociable/images/sprites/option1_64.png]
[dingleberry.me/wp-content/plugins/sociable/images/sprites/option1_48.png]
[dingleberry.me/tag/appletv/index.html]
[dingleberry.me/tag/atv/index.html]
[dingleberry.me/wp-content/plugins/sociable/images/sprites/option2_32.png]
[dingleberry.me/wp-content/plugins/sociable/images/sprites/option2_16.png]
[dingleberry.me/tag/authentication/index.html]
[dingleberry.me/wp-content/plugins/sociable/images/sprites/option2_64.png]
[dingleberry.me/wp-content/plugins/sociable/images/sprites/option2_48.png]
[dingleberry.me/tag/bigip/index.html]
[dingleberry.me/wp-content/plugins/sociable/images/sprites/option3_32.png]
[dingleberry.me/wp-content/plugins/sociable/images/sprites/option3_16.png]
[dingleberry.me/wp-content/plugins/sociable/images/sprites/option3_64.png]
[dingleberry.me/tag/broadcom/index.html]
[dingleberry.me/wp-content/plugins/sociable/images/sprites/option3_48.png]
[dingleberry.me/wp-content/plugins/sociable/images/sprites/option4_32.png]
[dingleberry.me/tag/cfengine/index.html]
[dingleberry.me/wp-content/plugins/sociable/images/sprites/option4_16.png]
[dingleberry.me/tag/crystal/index.html]
[dingleberry.me/wp-content/plugins/sociable/images/sprites/option4_64.png]
[dingleberry.me/wp-content/plugins/sociable/images/sprites/option4_48.png]
[dingleberry.me/wp-content/plugins/sociable/images/sprites/option5_32.png]
[dingleberry.me/tag/crystalhd/index.html]
[dingleberry.me/wp-content/plugins/sociable/images/sprites/option5_16.png]
[dingleberry.me/wp-content/plugins/sociable/images/sprites/option5_64.png]
[dingleberry.me/wp-content/plugins/sociable/images/sprites/option5_48.png]
[dingleberry.me/tag/curl/index.html]
[dingleberry.me/tag/etch/index.html]
[dingleberry.me/wp-content/plugins/sociable/css/sociable7e2e.css]
[dingleberry.me/wp-content/plugins/sociable/css/pie.htc]
[dingleberry.me/tag/ext3/index.html]
[dingleberry.me/wp-content/plugins/quotes-collection/quotes-collection00e2.css]
[dingleberry.me/tag/firefox/index.html]
[dingleberry.me/wp-includes/js/jquery/jquery3e5a.js]
[dingleberry.me/wp-includes/js/jquery/jquery-migrate.min1576.js]
[dingleberry.me/tag/firefuck/index.html]
[dingleberry.me/wp-content/plugins/quotes-collection/quotes-collection00e2.js]
[dingleberry.me/tag/hd/index.html]
[dingleberry.me/tag/iphone/index.html]
[dingleberry.me/wp-content/plugins/sociable/js/sociable7e2e.js]
[dingleberry.me/tag/kernel/index.html]
[dingleberry.me/wp-content/plugins/sociable/js/vuible7e2e.js]
[dingleberry.me/tag/mplayer/index.html]
[dingleberry.me/tag/login/index.html]
[dingleberry.me/tag/mysql/index.html]
[dingleberry.me/wp-content/plugins/sociable/js/addtofavorites7e2e.js]
[dingleberry.me/tag/osx/index.html]
[dingleberry.me/wp-includes/js/jquery/jquery.form.min018d.js]
[dingleberry.me/tag/rar/index.html]
[dingleberry.me/tag/slow/index.html]
[dingleberry.me/tag/sarge/index.html]
[dingleberry.me/wp-content/plugins/wp-wall/wp-wall7e2e.js]
[dingleberry.me/tag/ssh/index.html]
[dingleberry.me/tag/tv/index.html]
[dingleberry.me/tag/varnish/index.html]
[dingleberry.me/tag/ubuntu/index.html]
[dingleberry.me/tag/video/index.html]
[dingleberry.me/wp-content/plugins/wp-wall/wp-wall.css]
[dingleberry.me/tag/xbmc/index.html]
[dingleberry.me/wp-content/uploads/2010/04/dashern1.jpg]
[dingleberry.me/comments/feed/index.html]
[dingleberry.me/tag/xen/index.html]
[dingleberry.me/wp-content/uploads/2010/04/dashern1-300x225.jpg]
[dingleberry.me/page/3/index.html]
[dingleberry.me/wp-content/uploads/2010/03/jira_eventhandler.txt]
[dingleberry.me/wp-content/uploads/bigipbackup.sh]
[dingleberry.me/2010/11/307-temporary-redirect-to-myself-lets-hope-the-image-is-done-next-time-around/index.html]
[dingleberry.me/tag/drupal/index.html]
[dingleberry.me/tag/307/index.html]
[dingleberry.me/wp-includes/images/smilies/icon_biggrin.gif]
[dingleberry.me/page/2/index.html]
[dingleberry.me/tag/imagecache/index.html]
[dingleberry.me/tag/loop/index.html]
[dingleberry.me/tag/redirect/index.html]
[dingleberry.me/wp-includes/images/smilies/icon_surprised.gif]
[dingleberry.me/tag/edid/index.html]
[dingleberry.me/tag/nvidia/index.html]
[dingleberry.me/2010/06/nvidia-and-invalid-checksum-for-edid-xorg-issues/index.html]
[dingleberry.me/wp-content/plugins/sociable/images/option1/32/vuible.png]
[dingleberry.me/tag/xorg/index.html]
[dingleberry.me/wp-content/plugins/sociable/images/more.png]
[dingleberry.me/2010/04/our-new-dashboard/index.html]
[dingleberry.me/wp-content/plugins/sociable/images/closelabel.png]
[dingleberry.me/wp-content/plugins/sociable/images/vuible.png]
[dingleberry.me/about/index.html]
[dingleberry.me/tag/dashboard/index.html]
[dingleberry.me/tag/merlin/index.html]
[dingleberry.me/2014/06/playing-with-saltstack-and-external-classifiers/index.html]
[dingleberry.me/tag/mobile/index.html]
[dingleberry.me/tag/cmdb/index.html]
[dingleberry.me/2010/03/automatically-create-bugs-in-jira-with-a-nagios-eventhandler/index.html]
[dingleberry.me/2010/03/mobile-redirects-using-varnish/index.html]
[dingleberry.me/tag/salt/index.html]
[dingleberry.me/tag/eventhandler/index.html]
[dingleberry.me/tag/saltstack/index.html]
[dingleberry.me/tag/jira/index.html]
[dingleberry.me/2014/04/retrieving-files-from-a-broken-harddrive-on-linux/index.html]
[dingleberry.me/2010/01/easy-bigip-backup/index.html]
[dingleberry.me/tag/backup/index.html]
[dingleberry.me/tag/dd/index.html]
[dingleberry.me/2010/01/xbmc-compiled-with-crystal-hd-support-is-now-available-from-unofficial-nightly-builds/index.html]
[dingleberry.me/tag/ddrescue/index.html]
[dingleberry.me/tag/atc/index.html]
[dingleberry.me/tag/dmesg/index.html]
[dingleberry.me/tag/build/index.html]
[dingleberry.me/tag/e2fsck/index.html]
[dingleberry.me/tag/builds/index.html]
[dingleberry.me/tag/compile/index.html]
[dingleberry.me/tag/harddrive/index.html]
[dingleberry.me/tag/enable/index.html]
[dingleberry.me/2009/11/nagios-operations-dashboard/index.html]
[dingleberry.me/tag/kext/index.html]
[dingleberry.me/tag/lib/index.html]
[dingleberry.me/wp-includes/images/smilies/icon_rolleyes.gif]
[dingleberry.me/tag/linux/index.html]
[dingleberry.me/tag/nightly/index.html]
[dingleberry.me/2010/01/crystalhd-appletv-osx-kext-lib-is-ready-for-download/index.html]
[dingleberry.me/tag/mdadm/index.html]
[dingleberry.me/tag/support/index.html]
[dingleberry.me/tag/open/index.html]
[dingleberry.me/tag/source/index.html]
[dingleberry.me/tag/mke2fs/index.html]
[dingleberry.me/2009/11/compile-xbmc-with-broadcom-crystalhd-support-on-linux/index.html]
[dingleberry.me/tag/raid/index.html]
[dingleberry.me/tag/8-04/index.html]
[dingleberry.me/tag/superblock/index.html]
[dingleberry.me/tag/bcm70012/index.html]
[dingleberry.me/tag/testdisk/index.html]
[dingleberry.me/tag/hardy/index.html]
[dingleberry.me/tag/driver/index.html]
[dingleberry.me/2009/11/ubuntu-karmic-koala-on-appletv-with-broadcom-crystal-hd-decoder/index.html]
[dingleberry.me/2014/03/running-nagiosplugins-via-saltstacks-peer-communication/index.html]
[dingleberry.me/about/feed/index.html]
[dingleberry.me/tag/1080p/index.html]
[dingleberry.me/tag/karmic/index.html]
[dingleberry.me/tag/koala/index.html]
[dingleberry.me/wp-content/uploads/2009/11/dash.tar]
[dingleberry.me/2014/06/playing-with-saltstack-and-external-classifiers/feed/index.html]
[dingleberry.me/wp-content/uploads/2009/11/operations1.jpg]
[dingleberry.me/tag/cmdb/feed/index.html]
[dingleberry.me/wp-content/uploads/2009/11/operations1-300x225.jpg]
[dingleberry.me/2009/07/ideas-of-cmdb-cfengine-and-nagios-integration/index.html]
[dingleberry.me/wp-content/uploads/2009/02/htop.png]
[dingleberry.me/tag/salt/feed/index.html]
[dingleberry.me/tag/saltstack/feed/index.html]
[dingleberry.me/wp-content/uploads/2008/11/iotop_big.png]
[dingleberry.me/2014/04/retrieving-files-from-a-broken-harddrive-on-linux/feed/index.html]
[dingleberry.me/wp-content/uploads/2008/11/iotop_big-300x197.png]
[dingleberry.me/wp-content/uploads/2008/11/iostat_big.png]
[dingleberry.me/wp-content/uploads/2008/11/iostat_big-300x172.png]
[dingleberry.me/tag/monitoring/index.html]
[dingleberry.me/wp-content/uploads/check_tmm_utilization]
[dingleberry.me/tag/dd/feed/index.html]
[dingleberry.me/tag/nagios/index.html]
[dingleberry.me/2008/10/howto-resize-an-ext2-or-ext3-filesystem-on-a-partition-or-an-image-of-a-partition-or-hdd/index.html]
[dingleberry.me/tag/ext2/index.html]
[dingleberry.me/tag/filesystem/index.html]
[dingleberry.me/tag/nrpe/index.html]
[dingleberry.me/tag/fsck/index.html]
[dingleberry.me/tag/zmq/index.html]
[dingleberry.me/tag/partition/index.html]
[dingleberry.me/2013/11/running-nagios-plugins-via-saltstack/index.html]
[dingleberry.me/tag/image/index.html]
[dingleberry.me/tag/ddrescue/feed/index.html]
[dingleberry.me/tag/resize/index.html]
[dingleberry.me/tag/dmesg/feed/index.html]
[dingleberry.me/tag/icinga/index.html]
[dingleberry.me/tag/e2fsck/feed/index.html]
[dingleberry.me/tag/linux/feed/index.html]
[dingleberry.me/tag/harddrive/feed/index.html]
[dingleberry.me/2012/09/how-a-nerd-monitors-his-wifes-weight/index.html]
[dingleberry.me/tag/api/index.html]
[dingleberry.me/2009/09/how-to-speedup-firefox-by-vacuuming-ffs-sqlite-databases/index.html]
[dingleberry.me/tag/sqlite3/index.html]
[dingleberry.me/tag/bodyscale/index.html]
[dingleberry.me/2009/08/new-local-root-hole-in-linux-kernel-in-kernels-back-to-2001/index.html]
[dingleberry.me/tag/plugins/index.html]
[dingleberry.me/tag/exploit/index.html]
[dingleberry.me/tag/local/index.html]
[dingleberry.me/tag/python/index.html]
[dingleberry.me/2009/08/juniper-netscreen-ipsec-vpn-client-for-linux/index.html]
[dingleberry.me/tag/wife/index.html]
[dingleberry.me/tag/ipsec/index.html]
[dingleberry.me/tag/juniper/index.html]
[dingleberry.me/tag/withings/index.html]
[dingleberry.me/tag/netscreen/index.html]
[dingleberry.me/2011/05/gzip-support-in-check_http/index.html]
[dingleberry.me/tag/shrew/index.html]
[dingleberry.me/tag/vpn/index.html]
[dingleberry.me/tag/1-4-15/index.html]
[dingleberry.me/2009/07/iphone-3g-3-0-os-tethering-on-ubuntu-linux-9-04-via-bluetooth/index.html]
[dingleberry.me/tag/bluetooth/index.html]
[dingleberry.me/tag/check_http/index.html]
[dingleberry.me/2008/10/linux-kernel-2627-released/index.html]
[dingleberry.me/tag/tethering/index.html]
[dingleberry.me/tag/baby/index.html]
[dingleberry.me/tag/gzip/index.html]
[dingleberry.me/2008/10/a-baby-named-linux/index.html]
[dingleberry.me/tag/raid/feed/index.html]
[dingleberry.me/tag/mke2fs/feed/index.html]
[dingleberry.me/tag/mdadm/feed/index.html]
[dingleberry.me/2011/04/fun-with-sudo/index.html]
[dingleberry.me/tag/superblock/feed/index.html]
[dingleberry.me/wp-content/uploads/2009/03/song-chart-memes-computer-skills.jpg]
[dingleberry.me/tag/funny/index.html]
[dingleberry.me/tag/testdisk/feed/index.html]
[dingleberry.me/2014/03/running-nagiosplugins-via-saltstacks-peer-communication/feed/index.html]
[dingleberry.me/tag/monitoring/feed/index.html]
[dingleberry.me/tag/insults/index.html]
[dingleberry.me/tag/sudo/index.html]
[dingleberry.me/tag/monitoring/page/2/index.html]
[dingleberry.me/2011/02/monitor-dell-servers-on-debian-squeeze-with-nagios/index.html]
[dingleberry.me/2009/02/a-quick-note-about-the-nagios-check_procs-plugin/index.html]
[dingleberry.me/tag/check_procs/index.html]
[dingleberry.me/tag/debian/index.html]
[dingleberry.me/2009/02/htop-alternative-to-regular-top/index.html]
[dingleberry.me/tag/dell/index.html]
[dingleberry.me/tag/htop/index.html]
[dingleberry.me/tag/top/index.html]
[dingleberry.me/tag/dellomsa/index.html]
[dingleberry.me/2009/02/monitoring-web-apps-using-html-forms-for-logging-in/index.html]
[dingleberry.me/tag/squeeze/index.html]
[dingleberry.me/tag/forms/index.html]
[dingleberry.me/tag/post/index.html]
[dingleberry.me/tag/html/index.html]
[dingleberry.me/2011/02/use-screen-instead-of-¤¤-minicom/index.html]
[dingleberry.me/tag/variables/index.html]
[dingleberry.me/tag/minicom/index.html]
[dingleberry.me/2008/11/tools-for-monitoring-io/index.html]
[dingleberry.me/tag/screen/index.html]
[dingleberry.me/2009/01/monitoring-dell-hardware-in-nagios-on-the-debian-etch-64bit-platform/index.html]
[dingleberry.me/tag/hardware/index.html]
[dingleberry.me/tag/io/index.html]
[dingleberry.me/tag/serial/index.html]
[dingleberry.me/tag/tools/index.html]
[dingleberry.me/2011/02/test-your-jumbo-frame-enabled-network-with-ping/index.html]
[dingleberry.me/tag/nagios/page/2/index.html]
[dingleberry.me/tag/nagios/feed/index.html]
[dingleberry.me/2009/10/monitoring-f5-bigip-tmm-utilization-with-nagios-and-snmp/index.html]
[dingleberry.me/tag/frame/index.html]
[dingleberry.me/tag/f5/index.html]
[dingleberry.me/tag/jumbo/index.html]
[dingleberry.me/tag/tmm/index.html]
[dingleberry.me/tag/snmp/index.html]
[dingleberry.me/tag/jumboframe/index.html]
[dingleberry.me/2009/10/monitoring-dell-support-contracts-with-nagios/index.html]
[dingleberry.me/tag/zmq/feed/index.html]
[dingleberry.me/tag/nrpe/feed/index.html]
[dingleberry.me/tag/jumboframe-jumbo-frame-network-ping-test/index.html]
[dingleberry.me/2013/11/running-nagios-plugins-via-saltstack/feed/index.html]
[dingleberry.me/tag/network/index.html]
[dingleberry.me/tag/icinga/feed/index.html]
[dingleberry.me/tag/ping/index.html]
[dingleberry.me/2012/09/how-a-nerd-monitors-his-wifes-weight/feed/index.html]
[dingleberry.me/tag/test/index.html]
[dingleberry.me/tag/api/feed/index.html]
[dingleberry.me/tag/plugins/feed/index.html]
[dingleberry.me/tag/bodyscale/feed/index.html]
[dingleberry.me/tag/apache/index.html]
[dingleberry.me/tag/apple/index.html]
[dingleberry.me/2009/03/firefox-is-slow-and-crashes-all-the-time/index.html]
[dingleberry.me/tag/appletv/index.html]
[dingleberry.me/tag/firebug/index.html]
[dingleberry.me/tag/add-ons/index.html]
[dingleberry.me/tag/crashes/index.html]
[dingleberry.me/tag/atv/index.html]
[dingleberry.me/tag/firecookie/index.html]
[dingleberry.me/tag/authentication/index.html]
[dingleberry.me/tag/profiles/index.html]
[dingleberry.me/2009/03/nagios-plugins-and-check_http-version-1412/index.html]
[dingleberry.me/tag/python/feed/index.html]
[dingleberry.me/tag/yslow/index.html]
[dingleberry.me/tag/bigip/index.html]
[dingleberry.me/tag/wife/feed/index.html]
[dingleberry.me/2011/05/gzip-support-in-check_http/feed/index.html]
[dingleberry.me/tag/withings/feed/index.html]
[dingleberry.me/tag/broadcom/index.html]
[dingleberry.me/tag/cfengine/index.html]
[dingleberry.me/tag/check_http/feed/index.html]
[dingleberry.me/tag/gzip/feed/index.html]
[dingleberry.me/2011/04/fun-with-sudo/feed/index.html]
[dingleberry.me/tag/1-4-15/feed/index.html]
[dingleberry.me/tag/crystal/index.html]
[dingleberry.me/tag/crystalhd/index.html]
[dingleberry.me/tag/funny/feed/index.html]
[dingleberry.me/tag/hammertime/index.html]
[dingleberry.me/tag/curl/index.html]
[dingleberry.me/tag/etch/index.html]
[dingleberry.me/2009/07/star-wars-feat-mc-hammer/index.html]
[dingleberry.me/2009/09/funeyh-links-worth-a-while/index.html]
[dingleberry.me/tag/star-wars/index.html]
[dingleberry.me/tag/ext3/index.html]
[dingleberry.me/2009/03/computer-skills-i-have-vs-what-friends-and-family-think-about/index.html]
[dingleberry.me/tag/insults/feed/index.html]
[dingleberry.me/2011/02/monitor-dell-servers-on-debian-squeeze-with-nagios/feed/index.html]
[dingleberry.me/tag/sudo/feed/index.html]
[dingleberry.me/tag/firefox/index.html]
[dingleberry.me/tag/firefuck/index.html]
[dingleberry.me/2009/10/backporting-varnish-from-debian-unstabletesting-to-etch/index.html]
[dingleberry.me/tag/backporting/index.html]
[dingleberry.me/tag/debian/feed/index.html]
[dingleberry.me/tag/hd/index.html]
[dingleberry.me/tag/2-0-4/index.html]
[dingleberry.me/tag/iphone/index.html]
[dingleberry.me/tag/testing/index.html]
[dingleberry.me/tag/unstable/index.html]
[dingleberry.me/tag/kernel/index.html]
[dingleberry.me/2009/09/making-debian-etch-boot-with-uuid-not-hardcoded-blockdevicename/index.html]
[dingleberry.me/tag/login/index.html]
[dingleberry.me/tag/uuid/index.html]
[dingleberry.me/tag/blockdevice/index.html]
[dingleberry.me/wp-content/uploads/2009/10/mplayerdreambox.png]
[dingleberry.me/2009/09/mysql-authentication-backwards-compability/index.html]
[dingleberry.me/2009/08/setting-up-postgres-loadbalancing-on-debian/index.html]
[dingleberry.me/wp-content/uploads/2009/10/mplayerdreambox-300x158.png]
[dingleberry.me/tag/pgpool/index.html]
[dingleberry.me/tag/pgpool2/index.html]
[dingleberry.me/wp-content/uploads/2009/08/playrar.sh]
[dingleberry.me/tag/mplayer/index.html]
[dingleberry.me/tag/postgres/index.html]
[dingleberry.me/2009/07/debian-lenny-xen-and-live-migration-using-iscsi-storage-backend/index.html]
[dingleberry.me/tag/mysql/index.html]
[dingleberry.me/tag/block-iscsi/index.html]
[dingleberry.me/wp-content/uploads/2009/03/norgeextendedpipe.keylayout]
[dingleberry.me/tag/lenny/index.html]
[dingleberry.me/2009/01/debian-sarge-31-repositories-gone/index.html]
[dingleberry.me/wp-content/uploads/2009/03/ukelele-300x131.jpg]
[dingleberry.me/tag/apt/index.html]
[dingleberry.me/tag/osx/index.html]
[dingleberry.me/tag/repo/index.html]
[dingleberry.me/tag/rar/index.html]
[dingleberry.me/tag/ifdown/index.html]
[dingleberry.me/tag/sarge/index.html]
[dingleberry.me/2008/10/i-just-installed-a-new-debian-etch-box-with-dhcp-changed-the-etcnetworkinterfaces-to-a-static-setup-and-now-etcinitdnetwork-restart-does-not-work/index.html]
[dingleberry.me/tag/slow/index.html]
[dingleberry.me/tag/ifup/index.html]
[dingleberry.me/tag/ssh/index.html]
[dingleberry.me/tag/init-script/index.html]
[dingleberry.me/tag/tv/index.html]
[dingleberry.me/tag/dell/feed/index.html]
[dingleberry.me/tag/networking/index.html]
[dingleberry.me/tag/ubuntu/index.html]
[dingleberry.me/tag/varnish/index.html]
[dingleberry.me/2009/11/upgrade-your-dell-poweredgewhatever-servers-firmware-with-centos-livecd/index.html]
[dingleberry.me/tag/video/index.html]
[dingleberry.me/tag/centos/index.html]
[dingleberry.me/tag/xbmc/index.html]
[dingleberry.me/tag/xen/index.html]
[dingleberry.me/tag/firmware/index.html]
[dingleberry.me/tag/livecd/index.html]
[dingleberry.me/tag/poweredge/index.html]
[dingleberry.me/tag/dellomsa/feed/index.html]
[dingleberry.me/tag/redhat/index.html]
[dingleberry.me/tag/rhel/index.html]
[dingleberry.me/tag/squeeze/feed/index.html]
[dingleberry.me/wp-loginc2b6.html]
[dingleberry.me/2011/02/use-screen-instead-of-¤¤-minicom/feed/index.html]
[dingleberry.me/wp-login.html]
[dingleberry.me/tag/minicom/feed/index.html]
[dingleberry.me/wp-content/uploads/shadowbox-js/afc2df7514bde3dd091bff35b266117519ce.js]
[dingleberry.me/tag/screen/feed/index.html]
[dingleberry.me/tag/serial/feed/index.html]
[dingleberry.me/2011/02/test-your-jumbo-frame-enabled-network-with-ping/feed/index.html]
[dingleberry.me/tag/jumbo/feed/index.html]
[dingleberry.me/tag/jumboframe/feed/index.html]
[dingleberry.me/tag/frame/feed/index.html]
[dingleberry.me/tag/network/feed/index.html]
[dingleberry.me/tag/ping/feed/index.html]
[dingleberry.me/tag/jumboframe-jumbo-frame-network-ping-test/feed/index.html]
[dingleberry.me/2008/11/free-internet-on-cafes-or-airports-with-dnstunnel-or-icmp-ping-tunnel/index.html]
[dingleberry.me/tag/airport/index.html]
[dingleberry.me/tag/dns/index.html]
[dingleberry.me/tag/cafe/index.html]
[dingleberry.me/tag/free/index.html]
[dingleberry.me/wp-content/uploads/2009/10/bill-gates-arrested-mug-shot-jail-picture1.jpg]
[dingleberry.me/tag/icmp/index.html]
[dingleberry.me/tag/internet/index.html]
[dingleberry.me/wp-content/uploads/2009/10/bill-gates-arrested-mug-shot-jail-picture1-300x220.jpg]
[dingleberry.me/tag/tunnel/index.html]
[dingleberry.me/page/3/index.html]
[dingleberry.me/2008/10/how-does-pinging-trackbacks-and-pingbacks-work/index.html]
[dingleberry.me/2010/11/307-temporary-redirect-to-myself-lets-hope-the-image-is-done-next-time-around/index.html]
[dingleberry.me/tag/pingback/index.html]
[dingleberry.me/tag/test/feed/index.html]
[dingleberry.me/tag/307/index.html]
[dingleberry.me/tag/apache/feed/index.html]
[dingleberry.me/tag/trackback/index.html]
[dingleberry.me/tag/drupal/index.html]
[dingleberry.me/tag/imagecache/index.html]
[dingleberry.me/2009/01/monitor-it-with-nagios-fix-it-with-cfengine/index.html]
[dingleberry.me/tag/loop/index.html]
[dingleberry.me/tag/cfrun/index.html]
[dingleberry.me/tag/redirect/index.html]
[dingleberry.me/2008/10/show-headers-for-a-http-request-using-curl/index.html]
[dingleberry.me/2010/06/nvidia-and-invalid-checksum-for-edid-xorg-issues/index.html]
[dingleberry.me/tag/edid/index.html]
[dingleberry.me/tag/headers/index.html]
[dingleberry.me/tag/nvidia/index.html]
[dingleberry.me/tag/inspect/index.html]
[dingleberry.me/tag/xorg/index.html]
[dingleberry.me/tag/lighttpd/index.html]
[dingleberry.me/2010/04/our-new-dashboard/index.html]
[dingleberry.me/tag/virtualhost/index.html]
[dingleberry.me/tag/webserver/index.html]
[dingleberry.me/wp-includes/images/smilies/icon_sad.gif]
[dingleberry.me/2008/10/mod_security2-blocking-wp-admin/index.html]
[dingleberry.me/wp-includes/images/smilies/icon_wink.gif]
[dingleberry.me/tag/mod_security/index.html]
[dingleberry.me/tag/mod_security2/index.html]
[dingleberry.me/tag/wordpress/index.html]
[dingleberry.me/tag/apple/feed/index.html]
[dingleberry.me/2009/11/nagios-operations-dashboard/cheatengine6-2.ru]
[dingleberry.me/2008/10/apple-iphone-isuck/index.html]
[dingleberry.me/tag/problem/index.html]
[dingleberry.me/tag/reception/index.html]
[dingleberry.me/2009/11/nagios-operations-dashboard/rem-v-dom.5a.delayed]
[dingleberry.me/tag/authentication/feed/index.html]
[dingleberry.me/tag/atv/feed/index.html]
[dingleberry.me/tag/appletv/feed/index.html]
[dingleberry.me/2008/11/easy-peasy-ssh-key-authentication/index.html]
[dingleberry.me/2009/11/nagios-operations-dashboard/www.рвд-шланг.рф]
[dingleberry.me/tag/keygen/index.html]
[dingleberry.me/2009/11/nagios-operations-dashboard/gayan.kiev.ua]
[dingleberry.me/tag/bigip/feed/index.html]
[dingleberry.me/tag/keys/index.html]
[dingleberry.me/2009/10/debugging-health-monitors-on-bigip-9/index.html]
[dingleberry.me/tag/health/index.html]
[dingleberry.me/tag/monitor/index.html]
[dingleberry.me/2009/11/nagios-operations-dashboard/variety-dress.com.ua]
[dingleberry.me/tag/broadcom/feed/index.html]
[dingleberry.me/tag/cfengine/feed/index.html]
[dingleberry.me/tag/crystal/feed/index.html]
[dingleberry.me/tag/crystalhd/feed/index.html]
[dingleberry.me/tag/etch/feed/index.html]
[dingleberry.me/2009/11/nagios-operations-dashboard/www.starsecret.ru]
[dingleberry.me/tag/curl/feed/index.html]
[dingleberry.me/2009/09/distupgrading-debian-etch-to-lenny-and-upgrading-postgres-8-1-to-8-3/index.html]
[dingleberry.me/tag/8-3/index.html]
[dingleberry.me/tag/8-1/index.html]
[dingleberry.me/2009/11/nagios-operations-dashboard/ikea.meridian60.ru]
[dingleberry.me/2009/11/nagios-operations-dashboard/kolibri66.ru]
[dingleberry.me/tag/ext3/feed/index.html]
[dingleberry.me/2009/03/ext3-full-but-not-_full_/index.html]
[dingleberry.me/tag/upgrade/index.html]
[dingleberry.me/tag/firefox/feed/index.html]
[dingleberry.me/tag/tune2fs/index.html]
[dingleberry.me/2009/11/nagios-operations-dashboard/video66.ru]
[dingleberry.me/tag/extension/index.html]
[dingleberry.me/tag/fullscreen/index.html]
[dingleberry.me/2009/11/firefox-3-5-making-firefuck-start-in-fullscreen-mode/index.html]
[dingleberry.me/2009/11/firefox-3-5-making-well-this-is-embarrasing-go-away/index.html]
[dingleberry.me/2009/11/nagios-operations-dashboard/твойфорум.рф]
[dingleberry.me/tag/session/index.html]
[dingleberry.me/tag/hd/feed/index.html]
[dingleberry.me/tag/firefuck/feed/index.html]
[dingleberry.me/tag/iphone/feed/index.html]
[dingleberry.me/2009/03/encoding-ipod-touchiphonepsp-video-from-cli/index.html]
[dingleberry.me/2009/11/nagios-operations-dashboard/www.proficlimat.com.ua]
[dingleberry.me/tag/encoding/index.html]
[dingleberry.me/tag/avi/index.html]
[dingleberry.me/tag/ffmpeg/index.html]
[dingleberry.me/tag/ipod/index.html]
[dingleberry.me/tag/mp4/index.html]
[dingleberry.me/tag/psp/index.html]
[dingleberry.me/2009/11/nagios-operations-dashboard/www.kotlot.ru]
[dingleberry.me/tag/kernel/feed/index.html]
[dingleberry.me/tag/login/feed/index.html]
[dingleberry.me/2009/03/slow-ssh-login/index.html]
[dingleberry.me/tag/mplayer/feed/index.html]
[dingleberry.me/2009/11/nagios-operations-dashboard/www.posudnaya-lavka.com.ua]
[dingleberry.me/tag/dvb/index.html]
[dingleberry.me/tag/dreambox/index.html]
[dingleberry.me/tag/streaming/index.html]
[dingleberry.me/2009/10/streaming-dvb-from-dreambox-with-mplayer/index.html]
[dingleberry.me/2009/11/nagios-operations-dashboard/www.vip-filters.by]
[dingleberry.me/2009/08/play-rar-files-with-mplayer-v2-0-now-with-seeking/index.html]
[dingleberry.me/2008/10/play-rar-files-with-vlc-mplayer/index.html]
[dingleberry.me/2009/11/nagios-operations-dashboard/mental-disorders.ru]
[dingleberry.me/tag/rarfs/index.html]
[dingleberry.me/2009/01/mysql-db-sizes/index.html]
[dingleberry.me/tag/mysql/feed/index.html]
[dingleberry.me/tag/vlc/index.html]
[dingleberry.me/tag/unrar/index.html]
[dingleberry.me/tag/database/index.html]
[dingleberry.me/2009/11/nagios-operations-dashboard/http/max-warez.pp.ua]
[dingleberry.me/2008/10/setting-up-mysql-replication/index.html]
[dingleberry.me/tag/optimize/index.html]
[dingleberry.me/tag/size/index.html]
[dingleberry.me/tag/table/index.html]
[dingleberry.me/2009/11/nagios-operations-dashboard/www.bnh.ru]
[dingleberry.me/tag/osx/feed/index.html]
[dingleberry.me/tag/replication/index.html]
[dingleberry.me/2009/03/customizing-keymap-on-mac-os-x/index.html]
[dingleberry.me/tag/backslash/index.html]
[dingleberry.me/2009/11/nagios-operations-dashboard/www.sskr.com.ua]
[dingleberry.me/tag/macbook/index.html]
[dingleberry.me/tag/keymap/index.html]
[dingleberry.me/tag/rar/feed/index.html]
[dingleberry.me/tag/pipe/index.html]
[dingleberry.me/2009/11/nagios-operations-dashboard/vision.yzi.me]
[dingleberry.me/tag/sarge/feed/index.html]
[dingleberry.me/tag/slow/feed/index.html]
[dingleberry.me/tag/ssh/feed/index.html]
[dingleberry.me/tag/tv/feed/index.html]
[dingleberry.me/2009/11/nagios-operations-dashboard/first-fishing.ru]
[dingleberry.me/tag/ubuntu/feed/index.html]
[dingleberry.me/tag/32bit/index.html]
[dingleberry.me/2009/08/over-32-gb-ram-with-ubuntu-desktop-32-bit/index.html]
[dingleberry.me/tag/ram/index.html]
[dingleberry.me/2009/11/nagios-operations-dashboard/www.my-fido.info]
[dingleberry.me/tag/varnish/feed/index.html]
[dingleberry.me/tag/esi/index.html]
[dingleberry.me/tag/content/index.html]
[dingleberry.me/2009/10/using-varnish-esi-to-include-content-from-another-host/index.html]
[dingleberry.me/2009/11/nagios-operations-dashboard/traffic.rv.ua]
[dingleberry.me/tag/external/index.html]
[dingleberry.me/tag/remote/index.html]
[dingleberry.me/2008/10/varnish-cookies/index.html]
[dingleberry.me/tag/video/feed/index.html]
[dingleberry.me/tag/cookies/index.html]
[dingleberry.me/2009/11/nagios-operations-dashboard/yniwersal.ru]
[dingleberry.me/tag/conference/index.html]
[dingleberry.me/2009/02/open-source-conference-videos/index.html]
[dingleberry.me/2009/11/nagios-operations-dashboard/recipes-book.ru]
[dingleberry.me/tag/mms/index.html]
[dingleberry.me/2008/10/monitoring-videostreams-with-nagios/index.html]
[dingleberry.me/tag/open-source/index.html]
[dingleberry.me/tag/xbmc/feed/index.html]
[dingleberry.me/tag/stream/index.html]
[dingleberry.me/tag/xen/feed/index.html]
[dingleberry.me/2009/11/nagios-operations-dashboard/Lab-NDT.ru]
[dingleberry.me/2009/11/pty-allocation-request-failed-on-channel-0/index.html]
[dingleberry.me/tag/allocation/index.html]
[dingleberry.me/2009/11/nagios-operations-dashboard/webmasteru.sorahost.com]
[dingleberry.me/tag/fstab/index.html]
[dingleberry.me/tag/domu/index.html]
[dingleberry.me/2009/11/nagios-operations-dashboard/shkola-pokhudeniya.com]
[dingleberry.me/tag/pts/index.html]
[dingleberry.me/2009/01/making-munin-plugins-install-and-configure-themselves-if-they-are-suitable-for-the-system/index.html]
[dingleberry.me/tag/udev/index.html]
[dingleberry.me/tag/graph/index.html]
[dingleberry.me/tag/autoconf/index.html]
[dingleberry.me/2009/11/nagios-operations-dashboard/www.signal-ohrana.ru]
[dingleberry.me/tag/munin/index.html]
[dingleberry.me/tag/dom0/index.html]
[dingleberry.me/2008/10/xensource-xen-paravirt-ops-dom0-working/index.html]
[dingleberry.me/tag/stats/index.html]
[dingleberry.me/tag/hg/index.html]
[dingleberry.me/2009/11/nagios-operations-dashboard/Planeta-Mebel.etov.com.ua]
[dingleberry.me/tag/hypervisor/index.html]
[dingleberry.me/tag/mercurial/index.html]
[dingleberry.me/tag/paravirt_ops/index.html]
[dingleberry.me/tag/xenbits/index.html]
[dingleberry.me/tag/xensource/index.html]
[dingleberry.me/applewebkit/index.html]
[dingleberry.me/2009/11/nagios-operations-dashboard/market-global.ru]
[dingleberry.me/wp-content/uploads/shadowbox-js/src/index.html]
[dingleberry.me/2009/10/im-a-tty-abuser/index.html]
[dingleberry.me/page/4/index.html]
[dingleberry.me/tag/namsayin/index.html]
[dingleberry.me/tag/abuse/index.html]
[dingleberry.me/2009/11/nagios-operations-dashboard/blackboxmaker.com]
[dingleberry.me/2010/11/307-temporary-redirect-to-myself-lets-hope-the-image-is-done-next-time-around/feed/index.html]
[dingleberry.me/tag/tty/index.html]
[dingleberry.me/tag/307/feed/index.html]
[dingleberry.me/2009/11/nagios-operations-dashboard/www.decorplast32.ru]
[dingleberry.me/tag/drupal/feed/index.html]
[dingleberry.me/tag/redirect/feed/index.html]
[dingleberry.me/tag/imagecache/feed/index.html]
[dingleberry.me/tag/loop/feed/index.html]
[dingleberry.me/2009/11/nagios-operations-dashboard/zookovcheg-shop.ru]
[dingleberry.me/tag/nvidia/feed/index.html]
[dingleberry.me/tag/edid/feed/index.html]
[dingleberry.me/2010/06/nvidia-and-invalid-checksum-for-edid-xorg-issues/feed/index.html]
[dingleberry.me/2009/11/nagios-operations-dashboard/www.fancentr.com]
[dingleberry.me/2010/04/our-new-dashboard/feed/index.html]
[dingleberry.me/tag/xorg/feed/index.html]
[dingleberry.me/2009/11/nagios-operations-dashboard/feed/index.html]
[dingleberry.me/2009/11/nagios-operations-dashboard/www.evroplant.ru]
[dingleberry.me/2009/11/nagios-operations-dashboard/www.mazda-master.com/index.html]
[dingleberry.me/2009/11/nagios-operations-dashboard/www.euroclass-service.ru/index.html]
[dingleberry.me/2009/11/nagios-operations-dashboard/www.ekvator.inf.ua]
[dingleberry.me/2009/11/nagios-operations-dashboard/webdestiny.ru]
[dingleberry.me/2009/11/nagios-operations-dashboard/www.mkg.ltd.ua]
[dingleberry.me/2009/11/nagios-operations-dashboard/ochprosto.ru]
[dingleberry.me/2009/11/nagios-operations-dashboard/www.mkg.inf.ua]
[dingleberry.me/2009/11/nagios-operations-dashboard/status-grup.com]
[dingleberry.me/2009/11/nagios-operations-dashboard/www.поздравлики.рф]
[dingleberry.me/2009/11/nagios-operations-dashboard/www.webdesigen.besaba.com]
[dingleberry.me/2009/11/nagios-operations-dashboard/www.all-krasnodar.ru/index.html]
[dingleberry.me/2009/11/nagios-operations-dashboard/www.moneyratings.ru]
[dingleberry.me/2009/11/nagios-operations-dashboard/www.rimma.by]
[dingleberry.me/2009/11/nagios-operations-dashboard/www.bor01.ru]
[dingleberry.me/2009/11/nagios-operations-dashboard/рембытчел.рф]
[dingleberry.me/2009/11/nagios-operations-dashboard/www.kingprotein42.ru]
[dingleberry.me/2009/11/nagios-operations-dashboard/агентство-мурманска.рф]
[dingleberry.me/2009/11/nagios-operations-dashboard/psvtehnik.ru]
[dingleberry.me/2009/11/nagios-operations-dashboard/eramaster.ru]
[dingleberry.me/2009/11/nagios-operations-dashboard/s-dona.ru]
[dingleberry.me/2009/11/nagios-operations-dashboard/www.hik-online.ru]
[dingleberry.me/2009/11/nagios-operations-dashboard/orfut.ru]
[dingleberry.me/2009/11/nagios-operations-dashboard/apx.org.ua]
[dingleberry.me/2009/11/nagios-operations-dashboard/www.оптом-хозтовары.рф]
[dingleberry.me/2009/11/nagios-operations-dashboard/www.kolibry.pro]
[dingleberry.me/2009/11/nagios-operations-dashboard/www.check.od.ua]
[dingleberry.me/2009/11/nagios-operations-dashboard/1ray.ru/org/index.html]
[dingleberry.me/2009/11/nagios-operations-dashboard/www.rubrielter.94.delayed]
[dingleberry.me/2009/11/nagios-operations-dashboard/www.seomalej.ru]
[dingleberry.me/2009/11/nagios-operations-dashboard/www.mirshopinga.ru]
[dingleberry.me/2009/11/nagios-operations-dashboard/goodzone.in]
[dingleberry.me/2009/11/nagios-operations-dashboard/www.remontxdom.ru]
[dingleberry.me/2009/11/nagios-operations-dashboard/imkvoevoda.clan.su]
[dingleberry.me/2009/11/nagios-operations-dashboard/tsenavoprosa.com]
[dingleberry.me/2009/11/nagios-operations-dashboard/бк-уфа.рф]
[dingleberry.me/2009/11/nagios-operations-dashboard/ds.rsvpu.ru]
[dingleberry.me/2009/11/nagios-operations-dashboard/www.tovarovdostavka.ru]
[dingleberry.me/2009/11/nagios-operations-dashboard/www.dioko.ru]
[dingleberry.me/2009/11/nagios-operations-dashboard/hold-master.ru]
[dingleberry.me/2009/11/nagios-operations-dashboard/lroverminsk.by]
[dingleberry.me/2009/11/nagios-operations-dashboard/tdccs.ru]
[dingleberry.me/2009/11/nagios-operations-dashboard/helppsy.com]
[dingleberry.me/2009/11/nagios-operations-dashboard/onetorg.ru]
[dingleberry.me/2009/11/nagios-operations-dashboard/www.bitcoin33.ru]
[dingleberry.me/2009/11/nagios-operations-dashboard/http/remontgoda.ru]
[dingleberry.me/2009/11/nagios-operations-dashboard/www.mebel-sof.ru]
[dingleberry.me/2009/11/nagios-operations-dashboard/hit.u2m.ru]
[dingleberry.me/2009/11/nagios-operations-dashboard/кухни-конаково.рф]
[dingleberry.me/2009/11/nagios-operations-dashboard/planetaprazdnikov.com.ua]
[dingleberry.me/2009/11/nagios-operations-dashboard/www.milkfiltr.ru]
[dingleberry.me/2009/11/nagios-operations-dashboard/multimusic.ru]
[dingleberry.me/2009/11/nagios-operations-dashboard/all-oil.ru]
[dingleberry.me/2009/11/nagios-operations-dashboard/mrlizzy.ru]
[dingleberry.me/2009/11/nagios-operations-dashboard/хорошаямузыка.рф]
[dingleberry.me/2009/11/nagios-operations-dashboard/www.skvajina.club]
[dingleberry.me/2009/11/nagios-operations-dashboard/oneinterior.ru]
[dingleberry.me/2009/11/nagios-operations-dashboard/remontkvartir8.ru]
[dingleberry.me/2009/11/nagios-operations-dashboard/agrodom.info]
[dingleberry.me/2009/11/nagios-operations-dashboard/gendzi.ru]
[dingleberry.me/2009/11/nagios-operations-dashboard/www.tochina.su]
[dingleberry.me/2009/11/nagios-operations-dashboard/www.zaxarovy.club]
[dingleberry.me/2009/11/nagios-operations-dashboard/www.siga-sale.ru]
[dingleberry.me/2009/11/nagios-operations-dashboard/b2b-tarif.ru]
[dingleberry.me/2009/11/nagios-operations-dashboard/WWW.CCTV-SALE.RU]
[dingleberry.me/2009/11/nagios-operations-dashboard/korolev-site.ru]
[dingleberry.me/2009/11/nagios-operations-dashboard/privratnik.info]
[dingleberry.me/2009/11/nagios-operations-dashboard/proglike.ru]
[dingleberry.me/2009/11/nagios-operations-dashboard/vk.com/inomarkiRU]
[dingleberry.me/2009/11/nagios-operations-dashboard/www.k-t.in.ua]
[dingleberry.me/2009/11/nagios-operations-dashboard/malchevskaya.ru]
[dingleberry.me/2009/11/nagios-operations-dashboard/ezoterikaconversion.ru]
[dingleberry.me/2009/11/nagios-operations-dashboard/veles-master.com]
[dingleberry.me/2009/11/nagios-operations-dashboard/kiko24.com]
[dingleberry.me/2009/11/nagios-operations-dashboard/proverennye-magi.ru]
[dingleberry.me/2009/11/nagios-operations-dashboard/joinm.info]
[dingleberry.me/2009/11/nagios-operations-dashboard/бурениеспб.рус]
[dingleberry.me/2009/11/nagios-operations-dashboard/www.simply-it.ru]
[dingleberry.me/2009/11/nagios-operations-dashboard/www.marison.com.ua]
[dingleberry.me/2009/11/nagios-operations-dashboard/Qoker.Gq]
[dingleberry.me/2009/11/nagios-operations-dashboard/webisiteblog.space]
[dingleberry.me/2009/11/nagios-operations-dashboard/sm-mebel33.ru]
[dingleberry.me/2009/11/nagios-operations-dashboard/aliphotos.ru]
[dingleberry.me/2009/11/nagios-operations-dashboard/lenplus.ru]
[dingleberry.me/2009/11/nagios-operations-dashboard/onlaynkinoteatr.ru]
[dingleberry.me/2009/11/nagios-operations-dashboard/autorepmans.com]
[dingleberry.me/2009/11/nagios-operations-dashboard/www.aliexpressus.ru]
[dingleberry.me/2009/11/nagios-operations-dashboard/viali.ru]
[dingleberry.me/2009/11/nagios-operations-dashboard/globalkvp.info]
[dingleberry.me/2009/11/nagios-operations-dashboard/http;/www.specmehanizm.ru]
[dingleberry.me/2009/11/nagios-operations-dashboard/www.georest.ru]
[dingleberry.me/2009/11/nagios-operations-dashboard/schneider-moebel.net]
[dingleberry.me/2009/11/nagios-operations-dashboard/index.html]
[dingleberry.me/tag/dashboard/index.html]
[dingleberry.me/tag/merlin/index.html]
[dingleberry.me/2010/03/mobile-redirects-using-varnish/index.html]
[dingleberry.me/tag/dashboard/feed/index.html]
[dingleberry.me/tag/merlin/feed/index.html]
[dingleberry.me/2010/03/mobile-redirects-using-varnish/feed/index.html]
[dingleberry.me/tag/mobile/index.html]
[dingleberry.me/tag/mobile/feed/index.html]
[dingleberry.me/2010/03/automatically-create-bugs-in-jira-with-a-nagios-eventhandler/index.html]
[dingleberry.me/tag/eventhandler/index.html]
[dingleberry.me/tag/jira/index.html]
[dingleberry.me/2010/03/automatically-create-bugs-in-jira-with-a-nagios-eventhandler/feed/index.html]
[dingleberry.me/tag/eventhandler/feed/index.html]
[dingleberry.me/tag/jira/feed/index.html]
[dingleberry.me/2010/01/easy-bigip-backup/index.html]
[dingleberry.me/2010/01/easy-bigip-backup/feed/index.html]
[dingleberry.me/tag/backup/index.html]
[dingleberry.me/2010/01/xbmc-compiled-with-crystal-hd-support-is-now-available-from-unofficial-nightly-builds/index.html]
[dingleberry.me/tag/backup/feed/index.html]
[dingleberry.me/2010/01/xbmc-compiled-with-crystal-hd-support-is-now-available-from-unofficial-nightly-builds/feed/index.html]
[dingleberry.me/tag/atc/index.html]
[dingleberry.me/tag/build/index.html]
[dingleberry.me/tag/build/feed/index.html]
[dingleberry.me/tag/atc/feed/index.html]
[dingleberry.me/tag/builds/index.html]
[dingleberry.me/tag/compile/index.html]
[dingleberry.me/tag/enable/index.html]
[dingleberry.me/tag/enable/feed/index.html]
[dingleberry.me/tag/compile/feed/index.html]
[dingleberry.me/tag/builds/feed/index.html]
[dingleberry.me/tag/kext/index.html]
[dingleberry.me/tag/lib/index.html]
[dingleberry.me/tag/lib/feed/index.html]
[dingleberry.me/tag/kext/feed/index.html]
[dingleberry.me/tag/nightly/index.html]
[dingleberry.me/tag/support/index.html]
[dingleberry.me/tag/nightly/feed/index.html]
[dingleberry.me/tag/support/feed/index.html]
[dingleberry.me/2010/01/crystalhd-appletv-osx-kext-lib-is-ready-for-download/index.html]
[dingleberry.me/2010/01/crystalhd-appletv-osx-kext-lib-is-ready-for-download/feed/index.html]
[dingleberry.me/tag/open/index.html]
[dingleberry.me/tag/source/index.html]
[dingleberry.me/2009/11/compile-xbmc-with-broadcom-crystalhd-support-on-linux/index.html]
[dingleberry.me/2009/11/compile-xbmc-with-broadcom-crystalhd-support-on-linux/feed/index.html]
[dingleberry.me/tag/open/feed/index.html]
[dingleberry.me/tag/source/feed/index.html]
[dingleberry.me/wp-includes/images/smilies/icon_razz.gif]
[dingleberry.me/2009/11/ubuntu-karmic-koala-on-appletv-with-broadcom-crystal-hd-decoder/index.html]
[dingleberry.me/tag/8-04/index.html]
[dingleberry.me/tag/8-04/feed/index.html]
[dingleberry.me/2009/11/ubuntu-karmic-koala-on-appletv-with-broadcom-crystal-hd-decoder/feed/index.html]
[dingleberry.me/tag/bcm70012/index.html]
[dingleberry.me/tag/bcm70012/feed/index.html]
[dingleberry.me/tag/driver/index.html]
[dingleberry.me/tag/hardy/index.html]
[dingleberry.me/tag/driver/feed/index.html]
[dingleberry.me/tag/hardy/feed/index.html]
[dingleberry.me/tag/1080p/index.html]
[dingleberry.me/tag/1080p/feed/index.html]
[dingleberry.me/tag/karmic/index.html]
[dingleberry.me/tag/koala/index.html]
[dingleberry.me/index905b.html]
[dingleberry.me/index78eb.html]
[dingleberry.me/2009/07/ideas-of-cmdb-cfengine-and-nagios-integration/index.html]
[dingleberry.me/2009/07/ideas-of-cmdb-cfengine-and-nagios-integration/feed/index.html]
[dingleberry.me/tag/karmic/feed/index.html]
[dingleberry.me/tag/koala/feed/index.html]
[dingleberry.me/index1583.html]
[dingleberry.me/2008/10/howto-resize-an-ext2-or-ext3-filesystem-on-a-partition-or-an-image-of-a-partition-or-hdd/index.html]
[dingleberry.me/2008/10/howto-resize-an-ext2-or-ext3-filesystem-on-a-partition-or-an-image-of-a-partition-or-hdd/feed/index.html]
[dingleberry.me/tag/ext2/index.html]
[dingleberry.me/tag/ext2/feed/index.html]
[dingleberry.me/tag/filesystem/index.html]
[dingleberry.me/tag/fsck/index.html]
[dingleberry.me/2008/10/we-were-wondering-about-what-to-name-our-blog-until/index.html]
[dingleberry.me/tag/filesystem/feed/index.html]
[dingleberry.me/2008/10/firewall-at-home/index.html]
[dingleberry.me/tag/fsck/feed/index.html]
[dingleberry.me/tag/image/index.html]
[dingleberry.me/tag/partition/index.html]
[dingleberry.me/tag/partition/feed/index.html]
[dingleberry.me/tag/image/feed/index.html]
[dingleberry.me/tag/resize/index.html]
[dingleberry.me/2009/09/how-to-speedup-firefox-by-vacuuming-ffs-sqlite-databases/index.html]
[dingleberry.me/2009/09/how-to-speedup-firefox-by-vacuuming-ffs-sqlite-databases/feed/index.html]
[dingleberry.me/tag/resize/feed/index.html]
[dingleberry.me/tag/sqlite3/index.html]
[dingleberry.me/2009/09/tweaking-irssi-windowlist-tabs/index.html]
[dingleberry.me/2009/08/new-local-root-hole-in-linux-kernel-in-kernels-back-to-2001/index.html]
[dingleberry.me/tag/exploit/index.html]
[dingleberry.me/tag/sqlite3/feed/index.html]
[dingleberry.me/tag/exploit/feed/index.html]
[dingleberry.me/2009/08/new-local-root-hole-in-linux-kernel-in-kernels-back-to-2001/feed/index.html]
[dingleberry.me/tag/local/index.html]
[dingleberry.me/2009/08/juniper-netscreen-ipsec-vpn-client-for-linux/index.html]
[dingleberry.me/tag/local/feed/index.html]
[dingleberry.me/2009/08/juniper-netscreen-ipsec-vpn-client-for-linux/feed/index.html]
[dingleberry.me/tag/ipsec/index.html]
[dingleberry.me/tag/juniper/index.html]
[dingleberry.me/tag/ipsec/feed/index.html]
[dingleberry.me/tag/juniper/feed/index.html]
[dingleberry.me/tag/netscreen/index.html]
[dingleberry.me/tag/shrew/index.html]
[dingleberry.me/tag/vpn/index.html]
[dingleberry.me/2009/07/iphone-3g-3-0-os-tethering-on-ubuntu-linux-9-04-via-bluetooth/index.html]
[dingleberry.me/tag/shrew/feed/index.html]
[dingleberry.me/tag/netscreen/feed/index.html]
[dingleberry.me/tag/vpn/feed/index.html]
[dingleberry.me/2009/07/iphone-3g-3-0-os-tethering-on-ubuntu-linux-9-04-via-bluetooth/feed/index.html]
[dingleberry.me/tag/bluetooth/index.html]
[dingleberry.me/tag/bluetooth/feed/index.html]
[dingleberry.me/tag/tethering/index.html]
[dingleberry.me/2008/10/linux-kernel-2627-released/index.html]
[dingleberry.me/2008/10/a-baby-named-linux/index.html]
[dingleberry.me/tag/tethering/feed/index.html]
[dingleberry.me/2008/10/a-baby-named-linux/feed/index.html]
[dingleberry.me/2008/10/linux-kernel-2627-released/feed/index.html]
[dingleberry.me/tag/baby/index.html]
[dingleberry.me/indexd13e.html]
[dingleberry.me/tag/monitoring/page/2/index.html]
[dingleberry.me/2009/02/a-quick-note-about-the-nagios-check_procs-plugin/index.html]
[dingleberry.me/tag/baby/feed/index.html]
[dingleberry.me/2009/02/a-quick-note-about-the-nagios-check_procs-plugin/feed/index.html]
[dingleberry.me/tag/check_procs/index.html]
[dingleberry.me/tag/check_procs/feed/index.html]
[dingleberry.me/2009/02/htop-alternative-to-regular-top/index.html]
[dingleberry.me/tag/htop/index.html]
[dingleberry.me/tag/top/index.html]
[dingleberry.me/2009/02/htop-alternative-to-regular-top/feed/index.html]
[dingleberry.me/tag/top/feed/index.html]
[dingleberry.me/tag/htop/feed/index.html]
[dingleberry.me/2009/02/monitoring-web-apps-using-html-forms-for-logging-in/index.html]
[dingleberry.me/2009/02/monitoring-web-apps-using-html-forms-for-logging-in/feed/index.html]
[dingleberry.me/tag/forms/index.html]
[dingleberry.me/tag/html/index.html]
[dingleberry.me/tag/post/index.html]
[dingleberry.me/tag/variables/index.html]
[dingleberry.me/tag/variables/feed/index.html]
[dingleberry.me/tag/forms/feed/index.html]
[dingleberry.me/tag/post/feed/index.html]
[dingleberry.me/tag/html/feed/index.html]
[dingleberry.me/2009/01/monitoring-dell-hardware-in-nagios-on-the-debian-etch-64bit-platform/index.html]
[dingleberry.me/2009/01/monitoring-dell-hardware-in-nagios-on-the-debian-etch-64bit-platform/feed/index.html]
[dingleberry.me/tag/hardware/index.html]
[dingleberry.me/tag/hardware/feed/index.html]
[dingleberry.me/2008/11/tools-for-monitoring-io/index.html]
[dingleberry.me/2009/01/how-to-fix-a-whirpool-dwf-405-dishwasher-if-the-led-on-the-the-frontpanel-blinksflashes-six-times/index.html]
[dingleberry.me/2008/11/tools-for-monitoring-io/feed/index.html]
[dingleberry.me/tag/io/index.html]
[dingleberry.me/tag/tools/index.html]
[dingleberry.me/tag/nagios/page/2/index.html]
[dingleberry.me/2009/10/monitoring-f5-bigip-tmm-utilization-with-nagios-and-snmp/index.html]
[dingleberry.me/tag/io/feed/index.html]
[dingleberry.me/2009/10/monitoring-f5-bigip-tmm-utilization-with-nagios-and-snmp/feed/index.html]
[dingleberry.me/tag/tools/feed/index.html]
[dingleberry.me/tag/f5/index.html]
[dingleberry.me/tag/snmp/index.html]
[dingleberry.me/tag/tmm/index.html]
[dingleberry.me/tag/snmp/feed/index.html]
[dingleberry.me/tag/f5/feed/index.html]
[dingleberry.me/tag/tmm/feed/index.html]
[dingleberry.me/2009/10/monitoring-dell-support-contracts-with-nagios/index.html]
[dingleberry.me/2009/10/monitoring-dell-support-contracts-with-nagios/feed/index.html]
[dingleberry.me/index0c63.html]
[dingleberry.me/indexc344.html]
[dingleberry.me/2009/03/firefox-is-slow-and-crashes-all-the-time/index.html]
[dingleberry.me/tag/add-ons/index.html]
[dingleberry.me/tag/add-ons/feed/index.html]
[dingleberry.me/2009/03/firefox-is-slow-and-crashes-all-the-time/feed/index.html]
[dingleberry.me/tag/crashes/index.html]
[dingleberry.me/tag/firebug/index.html]
[dingleberry.me/tag/firebug/feed/index.html]
[dingleberry.me/tag/crashes/feed/index.html]
[dingleberry.me/tag/firecookie/index.html]
[dingleberry.me/tag/profiles/index.html]
[dingleberry.me/tag/profiles/feed/index.html]
[dingleberry.me/tag/firecookie/feed/index.html]
[dingleberry.me/tag/yslow/index.html]
[dingleberry.me/2009/03/nagios-plugins-and-check_http-version-1412/index.html]
[dingleberry.me/2009/03/nagios-plugins-and-check_http-version-1412/feed/index.html]
[dingleberry.me/tag/yslow/feed/index.html]
[dingleberry.me/indexf167.html]
[dingleberry.me/indexca55.html]
[dingleberry.me/2009/09/funeyh-links-worth-a-while/index.html]
[dingleberry.me/2009/09/funeyh-links-worth-a-while/feed/index.html]
[dingleberry.me/2009/07/star-wars-feat-mc-hammer/index.html]
[dingleberry.me/tag/hammertime/index.html]
[dingleberry.me/2009/07/star-wars-feat-mc-hammer/feed/index.html]
[dingleberry.me/tag/hammertime/feed/index.html]
[dingleberry.me/tag/star-wars/index.html]
[dingleberry.me/2009/03/computer-skills-i-have-vs-what-friends-and-family-think-about/index.html]
[dingleberry.me/2009/07/blocking-bruteforceattacks-with-iptables/index.html]
[dingleberry.me/2009/03/computer-skills-i-have-vs-what-friends-and-family-think-about/feed/index.html]
[dingleberry.me/tag/star-wars/feed/index.html]
[dingleberry.me/index2025.html]
[dingleberry.me/2009/10/backporting-varnish-from-debian-unstabletesting-to-etch/index.html]
[dingleberry.me/2009/10/backporting-varnish-from-debian-unstabletesting-to-etch/feed/index.html]
[dingleberry.me/tag/2-0-4/index.html]
[dingleberry.me/2009/03/cli-fun-commandlinefucom/index.html]
[dingleberry.me/2009/09/cloaking-apachephp-versions/index.html]
[dingleberry.me/tag/backporting/index.html]
[dingleberry.me/tag/testing/index.html]
[dingleberry.me/tag/unstable/index.html]
[dingleberry.me/tag/unstable/feed/index.html]
[dingleberry.me/tag/testing/feed/index.html]
[dingleberry.me/tag/2-0-4/feed/index.html]
[dingleberry.me/tag/backporting/feed/index.html]
[dingleberry.me/2009/09/making-debian-etch-boot-with-uuid-not-hardcoded-blockdevicename/index.html]
[dingleberry.me/2009/09/making-debian-etch-boot-with-uuid-not-hardcoded-blockdevicename/feed/index.html]
[dingleberry.me/tag/blockdevice/index.html]
[dingleberry.me/tag/uuid/index.html]
[dingleberry.me/2009/09/mysql-authentication-backwards-compability/index.html]
[dingleberry.me/2009/09/mysql-authentication-backwards-compability/feed/index.html]
[dingleberry.me/tag/uuid/feed/index.html]
[dingleberry.me/tag/blockdevice/feed/index.html]
[dingleberry.me/2009/08/setting-up-postgres-loadbalancing-on-debian/index.html]
[dingleberry.me/2009/08/setting-up-postgres-loadbalancing-on-debian/feed/index.html]
[dingleberry.me/tag/pgpool/index.html]
[dingleberry.me/tag/pgpool2/index.html]
[dingleberry.me/tag/postgres/index.html]
[dingleberry.me/2009/07/debian-lenny-xen-and-live-migration-using-iscsi-storage-backend/index.html]
[dingleberry.me/tag/pgpool2/feed/index.html]
[dingleberry.me/tag/postgres/feed/index.html]
[dingleberry.me/2009/07/debian-lenny-xen-and-live-migration-using-iscsi-storage-backend/feed/index.html]
[dingleberry.me/tag/pgpool/feed/index.html]
[dingleberry.me/tag/block-iscsi/index.html]
[dingleberry.me/tag/block-iscsi/feed/index.html]
[dingleberry.me/tag/lenny/index.html]
[dingleberry.me/2009/01/debian-sarge-31-repositories-gone/index.html]
[dingleberry.me/2009/01/debian-sarge-31-repositories-gone/feed/index.html]
[dingleberry.me/tag/lenny/feed/index.html]
[dingleberry.me/tag/apt/index.html]
[dingleberry.me/tag/repo/index.html]
[dingleberry.me/tag/repo/feed/index.html]
[dingleberry.me/tag/apt/feed/index.html]
[dingleberry.me/2008/10/i-just-installed-a-new-debian-etch-box-with-dhcp-changed-the-etcnetworkinterfaces-to-a-static-setup-and-now-etcinitdnetwork-restart-does-not-work/index.html]
[dingleberry.me/2008/10/i-just-installed-a-new-debian-etch-box-with-dhcp-changed-the-etcnetworkinterfaces-to-a-static-setup-and-now-etcinitdnetwork-restart-does-not-work/feed/index.html]
[dingleberry.me/tag/ifdown/index.html]
[dingleberry.me/tag/ifup/index.html]
[dingleberry.me/tag/init-script/index.html]
[dingleberry.me/2008/10/setup-smarthost-with-postfix/index.html]
[dingleberry.me/tag/ifup/feed/index.html]
[dingleberry.me/tag/ifdown/feed/index.html]
[dingleberry.me/tag/init-script/feed/index.html]
[dingleberry.me/tag/networking/index.html]
[dingleberry.me/tag/networking/feed/index.html]
[dingleberry.me/2009/11/upgrade-your-dell-poweredgewhatever-servers-firmware-with-centos-livecd/index.html]
[dingleberry.me/2009/11/upgrade-your-dell-poweredgewhatever-servers-firmware-with-centos-livecd/feed/index.html]
[dingleberry.me/tag/centos/index.html]
[dingleberry.me/tag/centos/feed/index.html]
[dingleberry.me/tag/firmware/index.html]
[dingleberry.me/tag/livecd/index.html]
[dingleberry.me/tag/poweredge/index.html]
[dingleberry.me/tag/redhat/index.html]
[dingleberry.me/tag/poweredge/feed/index.html]
[dingleberry.me/tag/livecd/feed/index.html]
[dingleberry.me/tag/redhat/feed/index.html]
[dingleberry.me/tag/firmware/feed/index.html]
[dingleberry.me/tag/rhel/index.html]
[dingleberry.me/tag/rhel/feed/index.html]
[dingleberry.me/index3f66.html]
[dingleberry.me/index4b0e.html]
[dingleberry.me/2008/11/free-internet-on-cafes-or-airports-with-dnstunnel-or-icmp-ping-tunnel/index.html]
[dingleberry.me/tag/airport/index.html]
[dingleberry.me/tag/cafe/index.html]
[dingleberry.me/tag/cafe/feed/index.html]
[dingleberry.me/tag/airport/feed/index.html]
[dingleberry.me/2008/11/free-internet-on-cafes-or-airports-with-dnstunnel-or-icmp-ping-tunnel/feed/index.html]
[dingleberry.me/tag/dns/index.html]
[dingleberry.me/tag/dns/feed/index.html]
[dingleberry.me/tag/free/index.html]
[dingleberry.me/tag/icmp/index.html]
[dingleberry.me/tag/internet/index.html]
[dingleberry.me/tag/internet/feed/index.html]
[dingleberry.me/tag/icmp/feed/index.html]
[dingleberry.me/tag/free/feed/index.html]
[dingleberry.me/tag/tunnel/index.html]
[dingleberry.me/tag/tunnel/feed/index.html]
[dingleberry.me/2008/10/how-does-pinging-trackbacks-and-pingbacks-work/index.html]
[dingleberry.me/tag/pingback/index.html]
[dingleberry.me/2008/10/how-does-pinging-trackbacks-and-pingbacks-work/feed/index.html]
[dingleberry.me/2008/10/new-macbooks-released/index.html]
[dingleberry.me/tag/trackback/index.html]
[dingleberry.me/2008/10/nifty-page-to-check-your-ip-host-proxy-and-referer-information/index.html]
[dingleberry.me/tag/pingback/feed/index.html]
[dingleberry.me/2009/01/monitor-it-with-nagios-fix-it-with-cfengine/index.html]
[dingleberry.me/2009/01/monitor-it-with-nagios-fix-it-with-cfengine/feed/index.html]
[dingleberry.me/tag/trackback/feed/index.html]
[dingleberry.me/tag/cfrun/index.html]
[dingleberry.me/2008/10/show-headers-for-a-http-request-using-curl/index.html]
[dingleberry.me/2008/10/show-headers-for-a-http-request-using-curl/feed/index.html]
[dingleberry.me/tag/cfrun/feed/index.html]
[dingleberry.me/tag/headers/index.html]
[dingleberry.me/tag/headers/feed/index.html]
[dingleberry.me/tag/inspect/index.html]
[dingleberry.me/tag/lighttpd/index.html]
[dingleberry.me/tag/virtualhost/index.html]
[dingleberry.me/tag/inspect/feed/index.html]
[dingleberry.me/tag/lighttpd/feed/index.html]
[dingleberry.me/tag/virtualhost/feed/index.html]
[dingleberry.me/tag/webserver/index.html]
[dingleberry.me/tag/webserver/feed/index.html]
[dingleberry.me/2008/10/mod_security2-blocking-wp-admin/index.html]
[dingleberry.me/tag/mod_security/index.html]
[dingleberry.me/tag/mod_security/feed/index.html]
[dingleberry.me/2008/10/mod_security2-blocking-wp-admin/feed/index.html]
[dingleberry.me/tag/mod_security2/index.html]
[dingleberry.me/tag/wordpress/index.html]
[dingleberry.me/2008/10/apple-iphone-isuck/index.html]
[dingleberry.me/2008/10/apple-iphone-isuck/feed/index.html]
[dingleberry.me/tag/mod_security2/feed/index.html]
[dingleberry.me/tag/wordpress/feed/index.html]
[dingleberry.me/tag/problem/index.html]
[dingleberry.me/tag/reception/index.html]
[dingleberry.me/2008/11/easy-peasy-ssh-key-authentication/index.html]
[dingleberry.me/2008/11/easy-peasy-ssh-key-authentication/feed/index.html]
[dingleberry.me/tag/problem/feed/index.html]
[dingleberry.me/tag/reception/feed/index.html]
[dingleberry.me/tag/keygen/index.html]
[dingleberry.me/tag/keys/index.html]
[dingleberry.me/tag/keygen/feed/index.html]
[dingleberry.me/tag/keys/feed/index.html]
[dingleberry.me/2009/10/debugging-health-monitors-on-bigip-9/index.html]
[dingleberry.me/tag/health/index.html]
[dingleberry.me/tag/health/feed/index.html]
[dingleberry.me/2009/10/debugging-health-monitors-on-bigip-9/feed/index.html]
[dingleberry.me/tag/monitor/index.html]
[dingleberry.me/2009/09/distupgrading-debian-etch-to-lenny-and-upgrading-postgres-8-1-to-8-3/index.html]
[dingleberry.me/2009/09/distupgrading-debian-etch-to-lenny-and-upgrading-postgres-8-1-to-8-3/feed/index.html]
[dingleberry.me/tag/monitor/feed/index.html]
[dingleberry.me/tag/8-1/index.html]
[dingleberry.me/tag/8-3/index.html]
[dingleberry.me/tag/upgrade/index.html]
[dingleberry.me/tag/8-1/feed/index.html]
[dingleberry.me/tag/8-3/feed/index.html]
[dingleberry.me/tag/upgrade/feed/index.html]
[dingleberry.me/2009/03/ext3-full-but-not-_full_/index.html]
[dingleberry.me/tag/tune2fs/index.html]
[dingleberry.me/tag/tune2fs/feed/index.html]
[dingleberry.me/2009/03/ext3-full-but-not-_full_/feed/index.html]
[dingleberry.me/2009/11/firefox-3-5-making-firefuck-start-in-fullscreen-mode/index.html]
[dingleberry.me/tag/extension/index.html]
[dingleberry.me/2009/11/firefox-3-5-making-firefuck-start-in-fullscreen-mode/feed/index.html]
[dingleberry.me/tag/extension/feed/index.html]
[dingleberry.me/tag/fullscreen/index.html]
[dingleberry.me/2009/11/firefox-3-5-making-well-this-is-embarrasing-go-away/index.html]
[dingleberry.me/2009/11/firefox-3-5-making-well-this-is-embarrasing-go-away/feed/index.html]
[dingleberry.me/tag/fullscreen/feed/index.html]
[dingleberry.me/tag/session/index.html]
[dingleberry.me/2009/03/encoding-ipod-touchiphonepsp-video-from-cli/index.html]
[dingleberry.me/tag/avi/index.html]
[dingleberry.me/2009/03/encoding-ipod-touchiphonepsp-video-from-cli/feed/index.html]
[dingleberry.me/tag/session/feed/index.html]
[dingleberry.me/tag/avi/feed/index.html]
[dingleberry.me/tag/encoding/index.html]
[dingleberry.me/tag/ffmpeg/index.html]
[dingleberry.me/tag/ipod/index.html]
[dingleberry.me/tag/encoding/feed/index.html]
[dingleberry.me/tag/ffmpeg/feed/index.html]
[dingleberry.me/tag/ipod/feed/index.html]
[dingleberry.me/tag/mp4/index.html]
[dingleberry.me/tag/mp4/feed/index.html]
[dingleberry.me/tag/psp/index.html]
[dingleberry.me/2009/03/slow-ssh-login/index.html]
[dingleberry.me/2009/10/streaming-dvb-from-dreambox-with-mplayer/index.html]
[dingleberry.me/2009/03/slow-ssh-login/feed/index.html]
[dingleberry.me/2009/10/streaming-dvb-from-dreambox-with-mplayer/feed/index.html]
[dingleberry.me/tag/psp/feed/index.html]
[dingleberry.me/tag/dreambox/index.html]
[dingleberry.me/tag/dvb/index.html]
[dingleberry.me/tag/dreambox/feed/index.html]
[dingleberry.me/tag/dvb/feed/index.html]
[dingleberry.me/tag/streaming/index.html]
[dingleberry.me/2009/08/play-rar-files-with-mplayer-v2-0-now-with-seeking/index.html]
[dingleberry.me/tag/streaming/feed/index.html]
[dingleberry.me/2009/08/play-rar-files-with-mplayer-v2-0-now-with-seeking/feed/index.html]
[dingleberry.me/2008/10/play-rar-files-with-vlc-mplayer/index.html]
[dingleberry.me/2008/10/play-rar-files-with-vlc-mplayer/feed/index.html]
[dingleberry.me/tag/rarfs/index.html]
[dingleberry.me/tag/unrar/index.html]
[dingleberry.me/tag/vlc/index.html]
[dingleberry.me/tag/unrar/feed/index.html]
[dingleberry.me/tag/vlc/feed/index.html]
[dingleberry.me/tag/rarfs/feed/index.html]
[dingleberry.me/2009/01/mysql-db-sizes/index.html]
[dingleberry.me/2009/01/mysql-db-sizes/feed/index.html]
[dingleberry.me/tag/database/index.html]
[dingleberry.me/tag/optimize/index.html]
[dingleberry.me/2009/01/seagate-harddrives-with-faulty-firmware/index.html]
[dingleberry.me/tag/optimize/feed/index.html]
[dingleberry.me/tag/database/feed/index.html]
[dingleberry.me/tag/size/index.html]
[dingleberry.me/tag/table/index.html]
[dingleberry.me/2008/10/setting-up-mysql-replication/index.html]
[dingleberry.me/tag/size/feed/index.html]
[dingleberry.me/2008/10/setting-up-mysql-replication/feed/index.html]
[dingleberry.me/tag/table/feed/index.html]
[dingleberry.me/tag/replication/index.html]
[dingleberry.me/tag/replication/feed/index.html]
[dingleberry.me/2009/03/customizing-keymap-on-mac-os-x/index.html]
[dingleberry.me/tag/backslash/index.html]
[dingleberry.me/2008/10/annoyed-by-the-output-of-locate/index.html]
[dingleberry.me/2009/03/customizing-keymap-on-mac-os-x/feed/index.html]
[dingleberry.me/tag/backslash/feed/index.html]
[dingleberry.me/tag/keymap/index.html]
[dingleberry.me/tag/macbook/index.html]
[dingleberry.me/tag/pipe/index.html]
[dingleberry.me/tag/keymap/feed/index.html]
[dingleberry.me/tag/macbook/feed/index.html]
[dingleberry.me/tag/pipe/feed/index.html]
[dingleberry.me/2009/08/over-32-gb-ram-with-ubuntu-desktop-32-bit/index.html]
[dingleberry.me/2009/08/over-32-gb-ram-with-ubuntu-desktop-32-bit/feed/index.html]
[dingleberry.me/tag/32bit/index.html]
[dingleberry.me/tag/ram/index.html]
[dingleberry.me/2009/10/using-varnish-esi-to-include-content-from-another-host/index.html]
[dingleberry.me/2009/10/using-varnish-esi-to-include-content-from-another-host/feed/index.html]
[dingleberry.me/tag/32bit/feed/index.html]
[dingleberry.me/tag/ram/feed/index.html]
[dingleberry.me/tag/content/index.html]
[dingleberry.me/tag/esi/index.html]
[dingleberry.me/tag/esi/feed/index.html]
[dingleberry.me/tag/content/feed/index.html]
[dingleberry.me/tag/external/index.html]
[dingleberry.me/tag/remote/index.html]
[dingleberry.me/2008/10/varnish-cookies/index.html]
[dingleberry.me/tag/remote/feed/index.html]
[dingleberry.me/2008/10/varnish-cookies/feed/index.html]
[dingleberry.me/tag/external/feed/index.html]
[dingleberry.me/tag/cookies/index.html]
[dingleberry.me/tag/cookies/feed/index.html]
[dingleberry.me/2009/02/open-source-conference-videos/index.html]
[dingleberry.me/tag/conference/index.html]
[dingleberry.me/2008/10/google-pagerank-tips-secrects-and-myths-explained-and-uncovered/index.html]
[dingleberry.me/tag/conference/feed/index.html]
[dingleberry.me/2009/02/open-source-conference-videos/feed/index.html]
[dingleberry.me/tag/open-source/index.html]
[dingleberry.me/2008/10/monitoring-videostreams-with-nagios/index.html]
[dingleberry.me/tag/mms/index.html]
[dingleberry.me/tag/open-source/feed/index.html]
[dingleberry.me/2008/10/monitoring-videostreams-with-nagios/feed/index.html]
[dingleberry.me/tag/mms/feed/index.html]
[dingleberry.me/tag/stream/index.html]
[dingleberry.me/2009/11/pty-allocation-request-failed-on-channel-0/index.html]
[dingleberry.me/2009/11/pty-allocation-request-failed-on-channel-0/feed/index.html]
[dingleberry.me/tag/stream/feed/index.html]
[dingleberry.me/tag/allocation/index.html]
[dingleberry.me/tag/allocation/feed/index.html]
[dingleberry.me/tag/domu/index.html]
[dingleberry.me/tag/fstab/index.html]
[dingleberry.me/tag/pts/index.html]
[dingleberry.me/tag/udev/index.html]
[dingleberry.me/tag/fstab/feed/index.html]
[dingleberry.me/tag/pts/feed/index.html]
[dingleberry.me/tag/udev/feed/index.html]
[dingleberry.me/tag/domu/feed/index.html]
[dingleberry.me/2009/01/making-munin-plugins-install-and-configure-themselves-if-they-are-suitable-for-the-system/index.html]
[dingleberry.me/2009/01/making-munin-plugins-install-and-configure-themselves-if-they-are-suitable-for-the-system/feed/index.html]
[dingleberry.me/tag/autoconf/index.html]
[dingleberry.me/tag/graph/index.html]
[dingleberry.me/tag/munin/index.html]
[dingleberry.me/tag/stats/index.html]
[dingleberry.me/tag/munin/feed/index.html]
[dingleberry.me/tag/stats/feed/index.html]
[dingleberry.me/tag/autoconf/feed/index.html]
[dingleberry.me/tag/graph/feed/index.html]
[dingleberry.me/2008/10/xensource-xen-paravirt-ops-dom0-working/index.html]
[dingleberry.me/2008/10/xensource-xen-paravirt-ops-dom0-working/feed/index.html]
[dingleberry.me/tag/dom0/index.html]
[dingleberry.me/tag/hg/index.html]
[dingleberry.me/tag/hg/feed/index.html]
[dingleberry.me/tag/dom0/feed/index.html]
[dingleberry.me/tag/hypervisor/index.html]
[dingleberry.me/tag/mercurial/index.html]
[dingleberry.me/tag/paravirt_ops/index.html]
[dingleberry.me/tag/mercurial/feed/index.html]
[dingleberry.me/tag/hypervisor/feed/index.html]
[dingleberry.me/tag/paravirt_ops/feed/index.html]
[dingleberry.me/tag/xenbits/index.html]
[dingleberry.me/tag/xenbits/feed/index.html]
[dingleberry.me/tag/xensource/index.html]
[dingleberry.me/wp-includes/fonts/dashicons.eot]
[dingleberry.me/tag/xensource/feed/index.html]
[dingleberry.me/wp-includes/css/dashicons.min7e2e.css]
[dingleberry.me/wp-admin/images/loading.gif]
[dingleberry.me/wp-admin/images/lock.png]
[dingleberry.me/wp-admin/images/resize.gif]
[dingleberry.me/wp-admin/images/resize-rtl.gif]
[dingleberry.me/wp-admin/images/spinner.gif]
[dingleberry.me/wp-admin/css/wp-admin.min7e2e.css]
[dingleberry.me/wp-includes/css/buttons.min7e2e.css]
[dingleberry.me/wp-admin/css/colors.min7e2e.css]
[dingleberry.me/wp-loginc2b6.html]
[dingleberry.me/applewebkit/index.html]
[dingleberry.me/wp-content/uploads/shadowbox-js/src/index.html]
[dingleberry.me/wp-content/uploads/2009/09/irssi-tweak-300x148.png]
[dingleberry.me/page/4/index.html]
[dingleberry.me/page/5/index.html]
[dingleberry.me/tag/apache2/index.html]
[dingleberry.me/tag/php/index.html]
[dingleberry.me/2009/10/im-a-tty-abuser/index.html]
[dingleberry.me/tag/security/index.html]
[dingleberry.me/tag/abuse/index.html]
[dingleberry.me/tag/irssi/index.html]
[dingleberry.me/2009/10/im-a-tty-abuser/feed/index.html]
[dingleberry.me/tag/abuse/feed/index.html]
[dingleberry.me/tag/namsayin/index.html]
[dingleberry.me/tag/tty/index.html]
[dingleberry.me/indexc5e7.html]
[dingleberry.me/indexf425.html]
[dingleberry.me/indexc9c1.html]
[dingleberry.me/index46de.html]
[dingleberry.me/2009/11/nagios-operations-dashboard/cheatengine6-2.html]
[dingleberry.me/2009/11/nagios-operations-dashboard/rem-v-dom.html]
[dingleberry.me/2009/11/nagios-operations-dashboard/www.рвд-шланг.html]
[dingleberry.me/2009/11/nagios-operations-dashboard/gayan.kiev.html]
[dingleberry.me/2009/11/nagios-operations-dashboard/variety-dress.com.html]
[dingleberry.me/2009/11/nagios-operations-dashboard/www.euroclass-service.ru/index.html]
[dingleberry.me/2009/11/nagios-operations-dashboard/www.starsecret.html]
[dingleberry.me/2009/11/nagios-operations-dashboard/ikea.meridian60.html]
[dingleberry.me/2009/11/nagios-operations-dashboard/kolibri66.html]
[dingleberry.me/2009/11/nagios-operations-dashboard/video66.html]
[dingleberry.me/2009/11/nagios-operations-dashboard/твойфорум.html]
[dingleberry.me/2009/11/nagios-operations-dashboard/www.proficlimat.com.html]
[dingleberry.me/2009/11/nagios-operations-dashboard/www.kotlot.html]
[dingleberry.me/2009/11/nagios-operations-dashboard/www.posudnaya-lavka.com.html]
[dingleberry.me/2009/11/nagios-operations-dashboard/www.vip-filters.html]
[dingleberry.me/2009/11/nagios-operations-dashboard/mental-disorders.html]
[dingleberry.me/2009/11/nagios-operations-dashboard/www.mazda-master.com/index.html]
[dingleberry.me/2009/11/nagios-operations-dashboard/http/max-warez.pp.html]
[dingleberry.me/2009/11/nagios-operations-dashboard/www.bnh.html]
[dingleberry.me/2009/11/nagios-operations-dashboard/www.sskr.com.html]
[dingleberry.me/2009/11/nagios-operations-dashboard/vision.yzi.html]
[dingleberry.me/2009/11/nagios-operations-dashboard/first-fishing.html]
[dingleberry.me/2009/11/nagios-operations-dashboard/www.my-fido.html]
[dingleberry.me/2009/11/nagios-operations-dashboard/traffic.rv.html]
[dingleberry.me/2009/11/nagios-operations-dashboard/yniwersal.html]
[dingleberry.me/2009/11/nagios-operations-dashboard/recipes-book.html]
[dingleberry.me/2009/11/nagios-operations-dashboard/Lab-NDT.html]
[dingleberry.me/2009/11/nagios-operations-dashboard/webmasteru.sorahost.html]
[dingleberry.me/2009/11/nagios-operations-dashboard/shkola-pokhudeniya.html]
[dingleberry.me/2009/11/nagios-operations-dashboard/www.signal-ohrana.html]
[dingleberry.me/2009/11/nagios-operations-dashboard/Planeta-Mebel.etov.com.html]
[dingleberry.me/2009/11/nagios-operations-dashboard/market-global.html]
[dingleberry.me/2009/11/nagios-operations-dashboard/blackboxmaker.html]
[dingleberry.me/2009/11/nagios-operations-dashboard/www.decorplast32.html]
[dingleberry.me/2009/11/nagios-operations-dashboard/zookovcheg-shop.html]
[dingleberry.me/2009/11/nagios-operations-dashboard/www.fancentr.html]
[dingleberry.me/2009/11/nagios-operations-dashboard/www.evroplant.html]
[dingleberry.me/2009/11/nagios-operations-dashboard/www.ekvator.inf.html]
[dingleberry.me/2009/11/nagios-operations-dashboard/webdestiny.html]
[dingleberry.me/2009/11/nagios-operations-dashboard/www.mkg.ltd.html]
[dingleberry.me/2009/11/nagios-operations-dashboard/ochprosto.html]
[dingleberry.me/2009/11/nagios-operations-dashboard/www.mkg.inf.html]
[dingleberry.me/2009/11/nagios-operations-dashboard/www.all-krasnodar.ru/index.html]
[dingleberry.me/2009/11/nagios-operations-dashboard/status-grup.html]
[dingleberry.me/2009/11/nagios-operations-dashboard/www.поздравлики.html]
[dingleberry.me/2009/11/nagios-operations-dashboard/www.webdesigen.besaba.html]
[dingleberry.me/2009/11/nagios-operations-dashboard/www.moneyratings.html]
[dingleberry.me/2009/11/nagios-operations-dashboard/www.rimma.html]
[dingleberry.me/2009/11/nagios-operations-dashboard/www.bor01.html]
[dingleberry.me/2009/11/nagios-operations-dashboard/рембытчел.html]
[dingleberry.me/2009/11/nagios-operations-dashboard/www.kingprotein42.html]
[dingleberry.me/2009/11/nagios-operations-dashboard/агентство-мурманска.html]
[dingleberry.me/2009/11/nagios-operations-dashboard/psvtehnik.html]
[dingleberry.me/2009/11/nagios-operations-dashboard/eramaster.html]
[dingleberry.me/2009/11/nagios-operations-dashboard/s-dona.html]
[dingleberry.me/2009/11/nagios-operations-dashboard/www.hik-online.html]
[dingleberry.me/2009/11/nagios-operations-dashboard/orfut.html]
[dingleberry.me/2009/11/nagios-operations-dashboard/apx.org.html]
[dingleberry.me/2009/11/nagios-operations-dashboard/www.оптом-хозтовары.html]
[dingleberry.me/2009/11/nagios-operations-dashboard/www.kolibry.html]
[dingleberry.me/2009/11/nagios-operations-dashboard/1ray.ru/org/index.html]
[dingleberry.me/2009/11/nagios-operations-dashboard/www.check.od.html]
[dingleberry.me/2009/11/nagios-operations-dashboard/www.rubrielter.html]
[dingleberry.me/2009/11/nagios-operations-dashboard/www.seomalej.html]
[dingleberry.me/2009/11/nagios-operations-dashboard/www.mirshopinga.html]
[dingleberry.me/2009/11/nagios-operations-dashboard/goodzone.html]
[dingleberry.me/2009/11/nagios-operations-dashboard/www.remontxdom.html]
[dingleberry.me/2009/11/nagios-operations-dashboard/imkvoevoda.clan.html]
[dingleberry.me/2009/11/nagios-operations-dashboard/tsenavoprosa.html]
[dingleberry.me/2009/11/nagios-operations-dashboard/бк-уфа.html]
[dingleberry.me/2009/11/nagios-operations-dashboard/ds.rsvpu.html]
[dingleberry.me/2009/11/nagios-operations-dashboard/www.tovarovdostavka.html]
[dingleberry.me/2009/11/nagios-operations-dashboard/www.dioko.html]
[dingleberry.me/2009/11/nagios-operations-dashboard/hold-master.html]
[dingleberry.me/2009/11/nagios-operations-dashboard/lroverminsk.html]
[dingleberry.me/2009/11/nagios-operations-dashboard/tdccs.html]
[dingleberry.me/2009/11/nagios-operations-dashboard/helppsy.html]
[dingleberry.me/2009/11/nagios-operations-dashboard/onetorg.html]
[dingleberry.me/2009/11/nagios-operations-dashboard/www.bitcoin33.html]
[dingleberry.me/2009/11/nagios-operations-dashboard/http/remontgoda.html]
[dingleberry.me/2009/11/nagios-operations-dashboard/www.mebel-sof.html]
[dingleberry.me/2009/11/nagios-operations-dashboard/hit.u2m.html]
[dingleberry.me/2009/11/nagios-operations-dashboard/кухни-конаково.html]
[dingleberry.me/2009/11/nagios-operations-dashboard/planetaprazdnikov.com.html]
[dingleberry.me/2009/11/nagios-operations-dashboard/www.milkfiltr.html]
[dingleberry.me/2009/11/nagios-operations-dashboard/multimusic.html]
[dingleberry.me/2009/11/nagios-operations-dashboard/all-oil.html]
[dingleberry.me/2009/11/nagios-operations-dashboard/mrlizzy.html]
[dingleberry.me/2009/11/nagios-operations-dashboard/хорошаямузыка.html]
[dingleberry.me/2009/11/nagios-operations-dashboard/www.skvajina.html]
[dingleberry.me/2009/11/nagios-operations-dashboard/oneinterior.html]
[dingleberry.me/2009/11/nagios-operations-dashboard/remontkvartir8.html]
[dingleberry.me/2009/11/nagios-operations-dashboard/agrodom.html]
[dingleberry.me/2009/11/nagios-operations-dashboard/gendzi.html]
[dingleberry.me/2009/11/nagios-operations-dashboard/www.tochina.html]
[dingleberry.me/2009/11/nagios-operations-dashboard/www.zaxarovy.html]
[dingleberry.me/2009/11/nagios-operations-dashboard/www.siga-sale.html]
[dingleberry.me/2009/11/nagios-operations-dashboard/b2b-tarif.html]
[dingleberry.me/2009/11/nagios-operations-dashboard/WWW.CCTV-SALE.html]
[dingleberry.me/2009/11/nagios-operations-dashboard/korolev-site.html]
[dingleberry.me/2009/11/nagios-operations-dashboard/privratnik.html]
[dingleberry.me/2009/11/nagios-operations-dashboard/proglike.html]
[dingleberry.me/2009/11/nagios-operations-dashboard/vk.com/inomarkiRU.html]
[dingleberry.me/2009/11/nagios-operations-dashboard/www.k-t.in.html]
[dingleberry.me/2009/11/nagios-operations-dashboard/malchevskaya.html]
[dingleberry.me/2009/11/nagios-operations-dashboard/ezoterikaconversion.html]
[dingleberry.me/2009/11/nagios-operations-dashboard/veles-master.html]
[dingleberry.me/2009/11/nagios-operations-dashboard/kiko24.html]
[dingleberry.me/2009/11/nagios-operations-dashboard/proverennye-magi.html]
[dingleberry.me/2009/11/nagios-operations-dashboard/joinm.html]
[dingleberry.me/2009/11/nagios-operations-dashboard/бурениеспб.html]
[dingleberry.me/2009/11/nagios-operations-dashboard/www.simply-it.html]
[dingleberry.me/2009/11/nagios-operations-dashboard/www.marison.com.html]
[dingleberry.me/2009/11/nagios-operations-dashboard/Qoker.html]
[dingleberry.me/2009/11/nagios-operations-dashboard/webisiteblog.html]
[dingleberry.me/2009/11/nagios-operations-dashboard/sm-mebel33.html]
[dingleberry.me/2009/11/nagios-operations-dashboard/aliphotos.html]
[dingleberry.me/2009/11/nagios-operations-dashboard/lenplus.html]
[dingleberry.me/2009/11/nagios-operations-dashboard/onlaynkinoteatr.html]
[dingleberry.me/2009/11/nagios-operations-dashboard/autorepmans.html]
[dingleberry.me/2009/11/nagios-operations-dashboard/www.aliexpressus.html]
[dingleberry.me/2009/11/nagios-operations-dashboard/viali.html]
[dingleberry.me/2009/11/nagios-operations-dashboard/globalkvp.html]
[dingleberry.me/2009/11/nagios-operations-dashboard/http;/www.specmehanizm.html]
[dingleberry.me/2009/11/nagios-operations-dashboard/www.georest.html]
[dingleberry.me/2009/11/nagios-operations-dashboard/schneider-moebel.html]
[dingleberry.me/indexd2ad.html]
[dingleberry.me/indexa123.html]
[dingleberry.me/index7033.html]
[dingleberry.me/index2f7a.html]
[dingleberry.me/indexa180.html]
[dingleberry.me/index4f61.html]
[dingleberry.me/indexa1e2.html]
[dingleberry.me/index7aa0.html]
[dingleberry.me/2008/10/firewall-at-home/index.html]
[dingleberry.me/2008/10/firewall-at-home/feed/index.html]
[dingleberry.me/tag/namsayin/feed/index.html]
[dingleberry.me/tag/tty/feed/index.html]
[dingleberry.me/2008/10/we-were-wondering-about-what-to-name-our-blog-until/index.html]
[dingleberry.me/indexa1ca.html]
[dingleberry.me/tag/firewall/index.html]
[dingleberry.me/2009/09/tweaking-irssi-windowlist-tabs/index.html]
[dingleberry.me/tag/ipcop/index.html]
[dingleberry.me/tag/pfsense/index.html]
[dingleberry.me/2008/10/we-were-wondering-about-what-to-name-our-blog-until/feed/index.html]
[dingleberry.me/tag/smoothwall/index.html]
[dingleberry.me/index4fd2.html]
[dingleberry.me/2009/09/tweaking-irssi-windowlist-tabs/feed/index.html]
[dingleberry.me/tag/dingle-berry/index.html]
[dingleberry.me/indexb351.html]
[dingleberry.me/index51fe.html]
[dingleberry.me/index0dc6.html]
[dingleberry.me/index60d6.html]
[dingleberry.me/index30a5.html]
[dingleberry.me/index90b2.html]
[dingleberry.me/index2af5.html]
[dingleberry.me/index486a.html]
[dingleberry.me/2009/01/how-to-fix-a-whirpool-dwf-405-dishwasher-if-the-led-on-the-the-frontpanel-blinksflashes-six-times/index.html]
[dingleberry.me/2009/01/how-to-fix-a-whirpool-dwf-405-dishwasher-if-the-led-on-the-the-frontpanel-blinksflashes-six-times/feed/index.html]
[dingleberry.me/index7dad.html]
[dingleberry.me/index4e6a.html]
[dingleberry.me/index27cd.html]
[dingleberry.me/index321c.html]
[dingleberry.me/indexf604.html]
[dingleberry.me/indexcb8c.html]
[dingleberry.me/index7014.html]
[dingleberry.me/2009/07/blocking-bruteforceattacks-with-iptables/index.html]
[dingleberry.me/tag/dishwasher/index.html]
[dingleberry.me/2009/07/blocking-bruteforceattacks-with-iptables/feed/index.html]
[dingleberry.me/indexa7ab.html]
[dingleberry.me/tag/fix/index.html]
[dingleberry.me/tag/whirlpool/index.html]
[dingleberry.me/tag/block/index.html]
[dingleberry.me/2009/03/cli-fun-commandlinefucom/index.html]
[dingleberry.me/2009/03/cli-fun-commandlinefucom/feed/index.html]
[dingleberry.me/tag/bruteforce/index.html]
[dingleberry.me/indexec1b.html]
[dingleberry.me/2009/09/cloaking-apachephp-versions/index.html]
[dingleberry.me/tag/iptables/index.html]
[dingleberry.me/2009/09/cloaking-apachephp-versions/feed/index.html]
[dingleberry.me/tag/cli/index.html]
[dingleberry.me/index87e8.html]
[dingleberry.me/index8a0c.html]
[dingleberry.me/index06d3.html]
[dingleberry.me/index6205.html]
[dingleberry.me/index0261.html]
[dingleberry.me/index4580.html]
[dingleberry.me/2008/10/setup-smarthost-with-postfix/index.html]
[dingleberry.me/2008/10/setup-smarthost-with-postfix/feed/index.html]
[dingleberry.me/tag/postfix/index.html]
[dingleberry.me/indexc8fa.html]
[dingleberry.me/indexcfab.html]
[dingleberry.me/indexc39e.html]
[dingleberry.me/tag/relay/index.html]
[dingleberry.me/wp-content/uploads/2008/10/macbookpro-300x207.png]
[dingleberry.me/2008/10/new-macbooks-released/index.html]
[dingleberry.me/tag/smarthost/index.html]
[dingleberry.me/2008/10/new-macbooks-released/feed/index.html]
[dingleberry.me/2008/10/nifty-page-to-check-your-ip-host-proxy-and-referer-information/index.html]
[dingleberry.me/2008/10/nifty-page-to-check-your-ip-host-proxy-and-referer-information/feed/index.html]
[dingleberry.me/index17d5.html]
[dingleberry.me/tag/apple-macbook/index.html]
[dingleberry.me/index7d69.html]
[dingleberry.me/indexe856.html]
[dingleberry.me/tag/information/index.html]
[dingleberry.me/tag/ip/index.html]
[dingleberry.me/tag/host/index.html]
[dingleberry.me/index5c90.html]
[dingleberry.me/indexdc22.html]
[dingleberry.me/index156c.html]
[dingleberry.me/indexcc08.html]
[dingleberry.me/index54a8.html]
[dingleberry.me/index481e.html]
[dingleberry.me/indexd379.html]
[dingleberry.me/index0745.html]
[dingleberry.me/indexc2ef.html]
[dingleberry.me/index8c55.html]
[dingleberry.me/index8e0b.html]
[dingleberry.me/index2d8c.html]
[dingleberry.me/index9430.html]
[dingleberry.me/2009/01/seagate-harddrives-with-faulty-firmware/index.html]
[dingleberry.me/2009/01/seagate-harddrives-with-faulty-firmware/feed/index.html]
[dingleberry.me/tag/proxy/index.html]
[dingleberry.me/indexa943.html]
[dingleberry.me/2008/10/annoyed-by-the-output-of-locate/index.html]
[dingleberry.me/tag/barracuda/index.html]
[dingleberry.me/indexb50d.html]
[dingleberry.me/tag/faulty/index.html]
[dingleberry.me/tag/drives/index.html]
[dingleberry.me/indexe513.html]
[dingleberry.me/tag/hdparm/index.html]
[dingleberry.me/index2325.html]
[dingleberry.me/tag/seagate/index.html]
[dingleberry.me/2008/10/annoyed-by-the-output-of-locate/feed/index.html]
[dingleberry.me/tag/bash/index.html]
[dingleberry.me/index28bc.html]
[dingleberry.me/2008/10/google-pagerank-tips-secrects-and-myths-explained-and-uncovered/index.html]
[dingleberry.me/2008/10/google-pagerank-tips-secrects-and-myths-explained-and-uncovered/feed/index.html]
[dingleberry.me/indexe839.html]
[dingleberry.me/tag/engine/index.html]
[dingleberry.me/tag/locate/index.html]
[dingleberry.me/indexdd01.html]
[dingleberry.me/tag/google/index.html]
[dingleberry.me/tag/howto/index.html]
[dingleberry.me/indexfbd5.html]
[dingleberry.me/tag/pagerank/index.html]
[dingleberry.me/tag/search/index.html]
[dingleberry.me/index475a.html]
[dingleberry.me/index80c9.html]
[dingleberry.me/index8e15.html]
[dingleberry.me/page/5/index.html]
[dingleberry.me/tag/tips/index.html]
[dingleberry.me/tag/secrets/index.html]
[dingleberry.me/tag/apache2/index.html]
[dingleberry.me/tag/php/index.html]
[dingleberry.me/page/6/index.html]
[dingleberry.me/tag/tricks/index.html]
[dingleberry.me/tag/apache2/feed/index.html]
[dingleberry.me/tag/php/feed/index.html]
[dingleberry.me/tag/security/index.html]
[dingleberry.me/tag/irssi/index.html]
[dingleberry.me/indexbc6e.html]
[dingleberry.me/index2df4.html]
[dingleberry.me/tag/firewall/index.html]
[dingleberry.me/tag/irssi/feed/index.html]
[dingleberry.me/tag/security/feed/index.html]
[dingleberry.me/tag/firewall/feed/index.html]
[dingleberry.me/tag/ipcop/index.html]
[dingleberry.me/tag/pfsense/index.html]
[dingleberry.me/tag/smoothwall/index.html]
[dingleberry.me/tag/pfsense/feed/index.html]
[dingleberry.me/tag/smoothwall/feed/index.html]
[dingleberry.me/tag/ipcop/feed/index.html]
[dingleberry.me/index40a0.html]
[dingleberry.me/tag/dingle-berry/index.html]
[dingleberry.me/index9ed5.html]
[dingleberry.me/index67bc.html]
[dingleberry.me/tag/dishwasher/index.html]
[dingleberry.me/tag/dishwasher/feed/index.html]
[dingleberry.me/tag/dingle-berry/feed/index.html]
[dingleberry.me/tag/fix/index.html]
[dingleberry.me/tag/whirlpool/index.html]
[dingleberry.me/index7080.html]
[dingleberry.me/tag/block/index.html]
[dingleberry.me/tag/bruteforce/index.html]
[dingleberry.me/tag/fix/feed/index.html]
[dingleberry.me/tag/bruteforce/feed/index.html]
[dingleberry.me/tag/whirlpool/feed/index.html]
[dingleberry.me/tag/block/feed/index.html]
[dingleberry.me/tag/iptables/index.html]
[dingleberry.me/index601c.html]
[dingleberry.me/tag/cli/index.html]
[dingleberry.me/tag/iptables/feed/index.html]
[dingleberry.me/tag/cli/feed/index.html]
[dingleberry.me/index2807.html]
[dingleberry.me/index48fd.html]
[dingleberry.me/tag/postfix/index.html]
[dingleberry.me/tag/relay/index.html]
[dingleberry.me/tag/smarthost/index.html]
[dingleberry.me/tag/smarthost/feed/index.html]
[dingleberry.me/tag/relay/feed/index.html]
[dingleberry.me/tag/postfix/feed/index.html]
[dingleberry.me/index1611.html]
[dingleberry.me/tag/apple-macbook/index.html]
[dingleberry.me/indexf4d1.html]
[dingleberry.me/tag/host/index.html]
[dingleberry.me/tag/apple-macbook/feed/index.html]
[dingleberry.me/tag/host/feed/index.html]
[dingleberry.me/tag/information/index.html]
[dingleberry.me/tag/ip/index.html]
[dingleberry.me/tag/proxy/index.html]
[dingleberry.me/tag/ip/feed/index.html]
[dingleberry.me/tag/proxy/feed/index.html]
[dingleberry.me/tag/information/feed/index.html]
[dingleberry.me/index8cf0.html]
[dingleberry.me/tag/barracuda/index.html]
[dingleberry.me/tag/barracuda/feed/index.html]
[dingleberry.me/tag/drives/index.html]
[dingleberry.me/tag/faulty/index.html]
[dingleberry.me/tag/hdparm/index.html]
[dingleberry.me/tag/seagate/index.html]
[dingleberry.me/tag/hdparm/feed/index.html]
[dingleberry.me/tag/drives/feed/index.html]
[dingleberry.me/tag/seagate/feed/index.html]
[dingleberry.me/tag/faulty/feed/index.html]
[dingleberry.me/index3440.html]
[dingleberry.me/tag/bash/index.html]
[dingleberry.me/tag/locate/index.html]
[dingleberry.me/tag/locate/feed/index.html]
[dingleberry.me/tag/bash/feed/index.html]
[dingleberry.me/index5d38.html]
[dingleberry.me/tag/engine/index.html]
[dingleberry.me/tag/google/index.html]
[dingleberry.me/tag/howto/index.html]
[dingleberry.me/tag/google/feed/index.html]
[dingleberry.me/tag/howto/feed/index.html]
[dingleberry.me/tag/engine/feed/index.html]
[dingleberry.me/tag/pagerank/index.html]
[dingleberry.me/tag/search/index.html]
[dingleberry.me/tag/pagerank/feed/index.html]
[dingleberry.me/tag/search/feed/index.html]
[dingleberry.me/tag/secrets/index.html]
[dingleberry.me/tag/tips/index.html]
[dingleberry.me/tag/tricks/index.html]
[dingleberry.me/tag/tricks/feed/index.html]
[dingleberry.me/tag/secrets/feed/index.html]
[dingleberry.me/tag/tips/feed/index.html]
[dingleberry.me/page/6/index.html]
[dingleberry.me/page/7/index.html]
[dingleberry.me/page/7/index.html]
[dingleberry.me/page/8/index.html]
[dingleberry.me/page/8/index.html]
[dingleberry.me/page/9/index.html]
[dingleberry.me/page/9/index.html]
[dingleberry.me/page/10/index.html]
[dingleberry.me/page/10/index.html]
